[2026-05-17 21:08:24,643 | INFO]: Starting scan...
[2026-05-17 21:08:24,645 | DEBUG]: Verifying radius 32...
[2026-05-17 21:08:24,840 | INFO]: Reducing radius to 31
[2026-05-17 21:08:24,841 | DEBUG]: Verifying radius 31...
[2026-05-17 21:08:26,453 | INFO]: Verified radius 31. Collecting block data...
[2026-05-17 21:08:52,540 | INFO]: Scan successfully completed at radius: 31
[2026-05-17 21:08:52,540 | INFO]: Finished scanning...
[2026-05-17 21:08:52,540 | INFO]: Starting filter...
[2026-05-17 21:08:52,607 | DEBUG]: Successfully colleted local detection blocks
[2026-05-17 21:08:52,628 | DEBUG]: Successfully colleted local detection blocks
[2026-05-17 21:08:52,695 | DEBUG]: Successfully colleted local detection blocks
[2026-05-17 21:08:52,698 | DEBUG]: Successfully colleted local detection blocks
[2026-05-17 21:08:52,707 | DEBUG]: Successfully colleted local detection blocks
[2026-05-17 21:08:52,777 | DEBUG]: Successfully colleted local detection blocks
[2026-05-17 21:08:52,787 | DEBUG]: Successfully colleted local detection blocks
[2026-05-17 21:08:52,789 | DEBUG]: Successfully colleted local detection blocks
[2026-05-17 21:08:52,860 | DEBUG]: Successfully colleted local detection blocks
[2026-05-17 21:08:52,865 | DEBUG]: Successfully colleted local detection blocks
[2026-05-17 21:08:52,881 | DEBUG]: Successfully colleted local detection blocks
[2026-05-17 21:08:52,964 | DEBUG]: Successfully colleted local detection blocks
[2026-05-17 21:08:52,986 | DEBUG]: Successfully colleted local detection blocks
[2026-05-17 21:08:52,997 | DEBUG]: Successfully colleted local detection blocks
[2026-05-17 21:08:53,019 | DEBUG]: Successfully colleted local detection blocks
[2026-05-17 21:08:53,071 | DEBUG]: Successfully colleted local detection blocks
[2026-05-17 21:08:53,071 | DEBUG]: Successfully colleted local detection blocks
[2026-05-17 21:08:53,098 | DEBUG]: Successfully colleted local detection blocks
[2026-05-17 21:08:53,125 | DEBUG]: Successfully colleted local detection blocks
[2026-05-17 21:08:53,139 | DEBUG]: Successfully colleted local detection blocks
[2026-05-17 21:08:53,189 | DEBUG]: Successfully colleted local detection blocks
[2026-05-17 21:08:53,246 | DEBUG]: Successfully colleted local detection blocks
[2026-05-17 21:08:53,267 | DEBUG]: Successfully colleted local detection blocks
[2026-05-17 21:08:53,313 | DEBUG]: Successfully colleted local detection blocks
[2026-05-17 21:08:53,319 | DEBUG]: Successfully colleted local detection blocks
[2026-05-17 21:08:53,362 | DEBUG]: Successfully colleted local detection blocks
[2026-05-17 21:08:53,375 | DEBUG]: Successfully colleted local detection blocks
[2026-05-17 21:08:53,433 | DEBUG]: Successfully colleted local detection blocks
[2026-05-17 21:08:53,487 | DEBUG]: Successfully colleted local detection blocks
[2026-05-17 21:08:53,491 | DEBUG]: Successfully colleted local detection blocks
[2026-05-17 21:08:53,518 | DEBUG]: Successfully colleted local detection blocks
[2026-05-17 21:08:53,566 | DEBUG]: Successfully colleted local detection blocks
[2026-05-17 21:08:53,591 | DEBUG]: Successfully colleted local detection blocks
[2026-05-17 21:08:53,628 | DEBUG]: Successfully colleted local detection blocks
[2026-05-17 21:08:53,663 | DEBUG]: Successfully colleted local detection blocks
[2026-05-17 21:08:53,679 | DEBUG]: Successfully colleted local detection blocks
[2026-05-17 21:08:53,735 | DEBUG]: Successfully colleted local detection blocks
[2026-05-17 21:08:53,750 | DEBUG]: Successfully colleted local detection blocks
[2026-05-17 21:08:53,798 | DEBUG]: Successfully colleted local detection blocks
[2026-05-17 21:08:53,810 | DEBUG]: Successfully colleted local detection blocks
[2026-05-17 21:08:53,871 | DEBUG]: Successfully colleted local detection blocks
[2026-05-17 21:08:53,884 | DEBUG]: Successfully colleted local detection blocks
[2026-05-17 21:08:53,940 | DEBUG]: Successfully colleted local detection blocks
[2026-05-17 21:08:53,955 | DEBUG]: Successfully colleted local detection blocks
[2026-05-17 21:08:53,983 | DEBUG]: Successfully colleted local detection blocks
[2026-05-17 21:08:53,999 | DEBUG]: Successfully colleted local detection blocks
[2026-05-17 21:08:54,048 | DEBUG]: Successfully colleted local detection blocks
[2026-05-17 21:08:54,061 | DEBUG]: Successfully colleted local detection blocks
[2026-05-17 21:08:54,089 | DEBUG]: Successfully colleted local detection blocks
[2026-05-17 21:08:54,143 | DEBUG]: Successfully colleted local detection blocks
[2026-05-17 21:08:54,159 | DEBUG]: Successfully colleted local detection blocks
[2026-05-17 21:08:54,177 | DEBUG]: Successfully colleted local detection blocks
[2026-05-17 21:08:54,202 | DEBUG]: Successfully colleted local detection blocks
[2026-05-17 21:08:54,237 | DEBUG]: Successfully colleted local detection blocks
[2026-05-17 21:08:54,263 | DEBUG]: Successfully colleted local detection blocks
[2026-05-17 21:08:54,284 | DEBUG]: Successfully colleted local detection blocks
[2026-05-17 21:08:54,319 | DEBUG]: Successfully colleted local detection blocks
[2026-05-17 21:08:54,377 | DEBUG]: Successfully colleted local detection blocks
[2026-05-17 21:08:54,388 | DEBUG]: Successfully colleted local detection blocks
[2026-05-17 21:08:54,403 | DEBUG]: Successfully colleted local detection blocks
[2026-05-17 21:08:54,467 | DEBUG]: Successfully colleted local detection blocks
[2026-05-17 21:08:54,487 | DEBUG]: Successfully colleted local detection blocks
[2026-05-17 21:08:54,508 | DEBUG]: Successfully colleted local detection blocks
[2026-05-17 21:08:54,518 | DEBUG]: Successfully colleted local detection blocks
[2026-05-17 21:08:54,560 | DEBUG]: Successfully colleted local detection blocks
[2026-05-17 21:08:54,566 | DEBUG]: Successfully colleted local detection blocks
[2026-05-17 21:08:54,634 | DEBUG]: Successfully colleted local detection blocks
[2026-05-17 21:08:54,638 | DEBUG]: Successfully colleted local detection blocks
[2026-05-17 21:08:54,688 | DEBUG]: Successfully colleted local detection blocks
[2026-05-17 21:08:54,700 | DEBUG]: Successfully colleted local detection blocks
[2026-05-17 21:08:54,727 | DEBUG]: Successfully colleted local detection blocks
[2026-05-17 21:08:54,761 | DEBUG]: Successfully colleted local detection blocks
[2026-05-17 21:08:54,777 | DEBUG]: Successfully colleted local detection blocks
[2026-05-17 21:08:54,816 | DEBUG]: Successfully colleted local detection blocks
[2026-05-17 21:08:54,826 | DEBUG]: Successfully colleted local detection blocks
[2026-05-17 21:08:54,891 | DEBUG]: Successfully colleted local detection blocks
[2026-05-17 21:08:54,914 | DEBUG]: Successfully colleted local detection blocks
[2026-05-17 21:08:54,945 | DEBUG]: Successfully colleted local detection blocks
[2026-05-17 21:08:54,972 | DEBUG]: Successfully colleted local detection blocks
[2026-05-17 21:08:54,974 | DEBUG]: Successfully colleted local detection blocks
[2026-05-17 21:08:55,007 | DEBUG]: Successfully colleted local detection blocks
[2026-05-17 21:08:55,070 | DEBUG]: Successfully colleted local detection blocks
[2026-05-17 21:08:55,080 | DEBUG]: Successfully colleted local detection blocks
[2026-05-17 21:08:55,092 | DEBUG]: Successfully colleted local detection blocks
[2026-05-17 21:08:55,155 | DEBUG]: Successfully colleted local detection blocks
[2026-05-17 21:08:55,197 | DEBUG]: Successfully colleted local detection blocks
[2026-05-17 21:08:55,201 | DEBUG]: Successfully colleted local detection blocks
[2026-05-17 21:08:55,224 | DEBUG]: Successfully colleted local detection blocks
[2026-05-17 21:08:55,243 | DEBUG]: Successfully colleted local detection blocks
[2026-05-17 21:08:55,258 | DEBUG]: Successfully colleted local detection blocks
[2026-05-17 21:08:55,285 | DEBUG]: Successfully colleted local detection blocks
[2026-05-17 21:08:55,328 | DEBUG]: Successfully colleted local detection blocks
[2026-05-17 21:08:55,331 | DEBUG]: Successfully colleted local detection blocks
[2026-05-17 21:08:55,379 | DEBUG]: Successfully colleted local detection blocks
[2026-05-17 21:08:55,396 | DEBUG]: Successfully colleted local detection blocks
[2026-05-17 21:08:55,429 | DEBUG]: Successfully colleted local detection blocks
[2026-05-17 21:08:55,459 | DEBUG]: Successfully colleted local detection blocks
[2026-05-17 21:08:55,499 | DEBUG]: Successfully colleted local detection blocks
[2026-05-17 21:08:55,547 | DEBUG]: Successfully colleted local detection blocks
[2026-05-17 21:08:55,556 | DEBUG]: Successfully colleted local detection blocks
[2026-05-17 21:08:55,583 | DEBUG]: Successfully colleted local detection blocks
[2026-05-17 21:08:55,614 | DEBUG]: Successfully colleted local detection blocks
[2026-05-17 21:08:55,666 | DEBUG]: Successfully colleted local detection blocks
[2026-05-17 21:08:55,722 | DEBUG]: Successfully colleted local detection blocks
[2026-05-17 21:08:55,725 | DEBUG]: Successfully colleted local detection blocks
[2026-05-17 21:08:55,775 | DEBUG]: Successfully colleted local detection blocks
[2026-05-17 21:08:55,804 | DEBUG]: Successfully colleted local detection blocks
[2026-05-17 21:08:55,821 | DEBUG]: Successfully colleted local detection blocks
[2026-05-17 21:08:55,850 | DEBUG]: Successfully colleted local detection blocks
[2026-05-17 21:08:55,911 | DEBUG]: Successfully colleted local detection blocks
[2026-05-17 21:08:55,916 | DEBUG]: Successfully colleted local detection blocks
[2026-05-17 21:08:55,964 | DEBUG]: Successfully colleted local detection blocks
[2026-05-17 21:08:55,969 | DEBUG]: Successfully colleted local detection blocks
[2026-05-17 21:08:56,030 | DEBUG]: Successfully colleted local detection blocks
[2026-05-17 21:08:56,046 | DEBUG]: Successfully colleted local detection blocks
[2026-05-17 21:08:56,060 | DEBUG]: Successfully colleted local detection blocks
[2026-05-17 21:08:56,138 | DEBUG]: Successfully colleted local detection blocks
[2026-05-17 21:08:56,147 | DEBUG]: Successfully colleted local detection blocks
[2026-05-17 21:08:56,160 | DEBUG]: Successfully colleted local detection blocks
[2026-05-17 21:08:56,177 | DEBUG]: Successfully colleted local detection blocks
[2026-05-17 21:08:56,211 | DEBUG]: Successfully colleted local detection blocks
[2026-05-17 21:08:56,223 | DEBUG]: Successfully colleted local detection blocks
[2026-05-17 21:08:56,267 | DEBUG]: Successfully colleted local detection blocks
[2026-05-17 21:08:56,376 | DEBUG]: Successfully colleted local detection blocks
[2026-05-17 21:08:56,390 | DEBUG]: Successfully colleted local detection blocks
[2026-05-17 21:08:56,410 | DEBUG]: Successfully colleted local detection blocks
[2026-05-17 21:08:56,437 | DEBUG]: Successfully colleted local detection blocks
[2026-05-17 21:08:56,473 | DEBUG]: Successfully colleted local detection blocks
[2026-05-17 21:08:56,484 | DEBUG]: Successfully colleted local detection blocks
[2026-05-17 21:08:56,516 | DEBUG]: Successfully colleted local detection blocks
[2026-05-17 21:08:56,548 | DEBUG]: Successfully colleted local detection blocks
[2026-05-17 21:08:56,579 | DEBUG]: Successfully colleted local detection blocks
[2026-05-17 21:08:56,616 | DEBUG]: Successfully colleted local detection blocks
[2026-05-17 21:08:56,651 | DEBUG]: Successfully colleted local detection blocks
[2026-05-17 21:08:56,685 | DEBUG]: Successfully colleted local detection blocks
[2026-05-17 21:08:56,741 | DEBUG]: Successfully colleted local detection blocks
[2026-05-17 21:08:56,770 | DEBUG]: Successfully colleted local detection blocks
[2026-05-17 21:08:56,780 | DEBUG]: Successfully colleted local detection blocks
[2026-05-17 21:08:56,811 | DEBUG]: Successfully colleted local detection blocks
[2026-05-17 21:08:56,828 | DEBUG]: Successfully colleted local detection blocks
[2026-05-17 21:08:56,870 | DEBUG]: Successfully colleted local detection blocks
[2026-05-17 21:08:56,887 | DEBUG]: Successfully colleted local detection blocks
[2026-05-17 21:08:56,916 | DEBUG]: Successfully colleted local detection blocks
[2026-05-17 21:08:56,961 | DEBUG]: Successfully colleted local detection blocks
[2026-05-17 21:08:56,992 | DEBUG]: Successfully colleted local detection blocks
[2026-05-17 21:08:57,019 | DEBUG]: Successfully colleted local detection blocks
[2026-05-17 21:08:57,078 | DEBUG]: Successfully colleted local detection blocks
[2026-05-17 21:08:57,093 | DEBUG]: Successfully colleted local detection blocks
[2026-05-17 21:08:57,125 | DEBUG]: Successfully colleted local detection blocks
[2026-05-17 21:08:57,171 | DEBUG]: Successfully colleted local detection blocks
[2026-05-17 21:08:57,194 | DEBUG]: Successfully colleted local detection blocks
[2026-05-17 21:08:57,216 | DEBUG]: Successfully colleted local detection blocks
[2026-05-17 21:08:57,278 | DEBUG]: Successfully colleted local detection blocks
[2026-05-17 21:08:57,310 | DEBUG]: Successfully colleted local detection blocks
[2026-05-17 21:08:57,320 | DEBUG]: Successfully colleted local detection blocks
[2026-05-17 21:08:57,336 | DEBUG]: Successfully colleted local detection blocks
[2026-05-17 21:08:57,372 | DEBUG]: Successfully colleted local detection blocks
[2026-05-17 21:08:57,390 | DEBUG]: Successfully colleted local detection blocks
[2026-05-17 21:08:57,422 | DEBUG]: Successfully colleted local detection blocks
[2026-05-17 21:08:57,472 | DEBUG]: Successfully colleted local detection blocks
[2026-05-17 21:08:57,514 | DEBUG]: Successfully colleted local detection blocks
[2026-05-17 21:08:57,521 | DEBUG]: Successfully colleted local detection blocks
[2026-05-17 21:08:57,561 | DEBUG]: Successfully colleted local detection blocks
[2026-05-17 21:08:57,563 | DEBUG]: Successfully colleted local detection blocks
[2026-05-17 21:08:57,578 | DEBUG]: Successfully colleted local detection blocks
[2026-05-17 21:08:57,634 | DEBUG]: Successfully colleted local detection blocks
[2026-05-17 21:08:57,672 | DEBUG]: Successfully colleted local detection blocks
[2026-05-17 21:08:57,672 | DEBUG]: Successfully colleted local detection blocks
[2026-05-17 21:08:57,698 | DEBUG]: Successfully colleted local detection blocks
[2026-05-17 21:08:57,726 | DEBUG]: Successfully colleted local detection blocks
[2026-05-17 21:08:57,782 | DEBUG]: Successfully colleted local detection blocks
[2026-05-17 21:08:57,807 | DEBUG]: Successfully colleted local detection blocks
[2026-05-17 21:08:57,824 | DEBUG]: Successfully colleted local detection blocks
[2026-05-17 21:08:57,878 | DEBUG]: Successfully colleted local detection blocks
[2026-05-17 21:08:57,916 | DEBUG]: Successfully colleted local detection blocks
[2026-05-17 21:08:57,924 | DEBUG]: Successfully colleted local detection blocks
[2026-05-17 21:08:57,977 | DEBUG]: Successfully colleted local detection blocks
[2026-05-17 21:08:57,994 | DEBUG]: Successfully colleted local detection blocks
[2026-05-17 21:08:58,029 | DEBUG]: Successfully colleted local detection blocks
[2026-05-17 21:08:58,081 | DEBUG]: Successfully colleted local detection blocks
[2026-05-17 21:08:58,100 | DEBUG]: Successfully colleted local detection blocks
[2026-05-17 21:08:58,202 | DEBUG]: Successfully colleted local detection blocks
[2026-05-17 21:08:58,230 | DEBUG]: Successfully colleted local detection blocks
[2026-05-17 21:08:58,239 | DEBUG]: Successfully colleted local detection blocks
[2026-05-17 21:08:58,255 | DEBUG]: Successfully colleted local detection blocks
[2026-05-17 21:08:58,284 | DEBUG]: Successfully colleted local detection blocks
[2026-05-17 21:08:58,364 | DEBUG]: Successfully colleted local detection blocks
[2026-05-17 21:08:58,389 | DEBUG]: Successfully colleted local detection blocks
[2026-05-17 21:08:58,402 | DEBUG]: Successfully colleted local detection blocks
[2026-05-17 21:08:58,467 | DEBUG]: Successfully colleted local detection blocks
[2026-05-17 21:08:58,475 | DEBUG]: Successfully colleted local detection blocks
[2026-05-17 21:08:58,498 | DEBUG]: Successfully colleted local detection blocks
[2026-05-17 21:08:58,529 | DEBUG]: Successfully colleted local detection blocks
[2026-05-17 21:08:58,556 | DEBUG]: Successfully colleted local detection blocks
[2026-05-17 21:08:58,603 | DEBUG]: Successfully colleted local detection blocks
[2026-05-17 21:08:58,614 | DEBUG]: Successfully colleted local detection blocks
[2026-05-17 21:08:58,666 | DEBUG]: Successfully colleted local detection blocks
[2026-05-17 21:08:58,668 | DEBUG]: Successfully colleted local detection blocks
[2026-05-17 21:08:58,733 | DEBUG]: Successfully colleted local detection blocks
[2026-05-17 21:08:58,752 | DEBUG]: Successfully colleted local detection blocks
[2026-05-17 21:08:58,753 | DEBUG]: Successfully colleted local detection blocks
[2026-05-17 21:08:58,777 | DEBUG]: Successfully colleted local detection blocks
[2026-05-17 21:08:58,814 | DEBUG]: Successfully colleted local detection blocks
[2026-05-17 21:08:58,826 | DEBUG]: Successfully colleted local detection blocks
[2026-05-17 21:08:58,865 | DEBUG]: Successfully colleted local detection blocks
[2026-05-17 21:08:58,920 | DEBUG]: Successfully colleted local detection blocks
[2026-05-17 21:08:58,956 | DEBUG]: Successfully colleted local detection blocks
[2026-05-17 21:08:58,969 | DEBUG]: Successfully colleted local detection blocks
[2026-05-17 21:08:58,997 | DEBUG]: Successfully colleted local detection blocks
[2026-05-17 21:08:59,038 | DEBUG]: Successfully colleted local detection blocks
[2026-05-17 21:08:59,070 | DEBUG]: Successfully colleted local detection blocks
[2026-05-17 21:08:59,097 | DEBUG]: Successfully colleted local detection blocks
[2026-05-17 21:08:59,109 | DEBUG]: Successfully colleted local detection blocks
[2026-05-17 21:08:59,126 | DEBUG]: Successfully colleted local detection blocks
[2026-05-17 21:08:59,157 | DEBUG]: Successfully colleted local detection blocks
[2026-05-17 21:08:59,189 | DEBUG]: Successfully colleted local detection blocks
[2026-05-17 21:08:59,215 | DEBUG]: Successfully colleted local detection blocks
[2026-05-17 21:08:59,232 | DEBUG]: Successfully colleted local detection blocks
[2026-05-17 21:08:59,275 | DEBUG]: Successfully colleted local detection blocks
[2026-05-17 21:08:59,281 | DEBUG]: Successfully colleted local detection blocks
[2026-05-17 21:08:59,297 | DEBUG]: Successfully colleted local detection blocks
[2026-05-17 21:08:59,350 | DEBUG]: Successfully colleted local detection blocks
[2026-05-17 21:08:59,368 | DEBUG]: Successfully colleted local detection blocks
[2026-05-17 21:08:59,441 | DEBUG]: Successfully colleted local detection blocks
[2026-05-17 21:08:59,446 | DEBUG]: Successfully colleted local detection blocks
[2026-05-17 21:08:59,469 | DEBUG]: Successfully colleted local detection blocks
[2026-05-17 21:08:59,512 | DEBUG]: Successfully colleted local detection blocks
[2026-05-17 21:08:59,530 | DEBUG]: Successfully colleted local detection blocks
[2026-05-17 21:08:59,580 | DEBUG]: Successfully colleted local detection blocks
[2026-05-17 21:08:59,600 | DEBUG]: Successfully colleted local detection blocks
[2026-05-17 21:08:59,638 | DEBUG]: Successfully colleted local detection blocks
[2026-05-17 21:08:59,659 | DEBUG]: Successfully colleted local detection blocks
[2026-05-17 21:08:59,680 | DEBUG]: Successfully colleted local detection blocks
[2026-05-17 21:08:59,694 | DEBUG]: Successfully colleted local detection blocks
[2026-05-17 21:08:59,719 | DEBUG]: Successfully colleted local detection blocks
[2026-05-17 21:08:59,772 | DEBUG]: Successfully colleted local detection blocks
[2026-05-17 21:08:59,788 | DEBUG]: Successfully colleted local detection blocks
[2026-05-17 21:08:59,826 | DEBUG]: Successfully colleted local detection blocks
[2026-05-17 21:08:59,854 | DEBUG]: Successfully colleted local detection blocks
[2026-05-17 21:08:59,866 | DEBUG]: Successfully colleted local detection blocks
[2026-05-17 21:08:59,896 | DEBUG]: Successfully colleted local detection blocks
[2026-05-17 21:08:59,925 | DEBUG]: Successfully colleted local detection blocks
[2026-05-17 21:08:59,975 | DEBUG]: Successfully colleted local detection blocks
[2026-05-17 21:08:59,980 | DEBUG]: Successfully colleted local detection blocks
[2026-05-17 21:09:00,003 | DEBUG]: Successfully colleted local detection blocks
[2026-05-17 21:09:00,073 | DEBUG]: Successfully colleted local detection blocks
[2026-05-17 21:09:00,131 | DEBUG]: Successfully colleted local detection blocks
[2026-05-17 21:09:00,133 | DEBUG]: Successfully colleted local detection blocks
[2026-05-17 21:09:00,170 | DEBUG]: Successfully colleted local detection blocks
[2026-05-17 21:09:00,237 | DEBUG]: Successfully colleted local detection blocks
[2026-05-17 21:09:00,255 | DEBUG]: Successfully colleted local detection blocks
[2026-05-17 21:09:00,298 | DEBUG]: Successfully colleted local detection blocks
[2026-05-17 21:09:00,354 | DEBUG]: Successfully colleted local detection blocks
[2026-05-17 21:09:00,376 | DEBUG]: Successfully colleted local detection blocks
[2026-05-17 21:09:00,395 | DEBUG]: Successfully colleted local detection blocks
[2026-05-17 21:09:00,408 | DEBUG]: Successfully colleted local detection blocks
[2026-05-17 21:09:00,463 | DEBUG]: Successfully colleted local detection blocks
[2026-05-17 21:09:00,478 | DEBUG]: Successfully colleted local detection blocks
[2026-05-17 21:09:00,506 | DEBUG]: Successfully colleted local detection blocks
[2026-05-17 21:09:00,557 | DEBUG]: Successfully colleted local detection blocks
[2026-05-17 21:09:00,571 | DEBUG]: Successfully colleted local detection blocks
[2026-05-17 21:09:00,632 | DEBUG]: Successfully colleted local detection blocks
[2026-05-17 21:09:00,644 | DEBUG]: Successfully colleted local detection blocks
[2026-05-17 21:09:00,672 | DEBUG]: Successfully colleted local detection blocks
[2026-05-17 21:09:00,673 | DEBUG]: Successfully colleted local detection blocks
[2026-05-17 21:09:00,707 | DEBUG]: Successfully colleted local detection blocks
[2026-05-17 21:09:00,759 | DEBUG]: Successfully colleted local detection blocks
[2026-05-17 21:09:00,760 | DEBUG]: Successfully colleted local detection blocks
[2026-05-17 21:09:00,773 | DEBUG]: Successfully colleted local detection blocks
[2026-05-17 21:09:00,853 | DEBUG]: Successfully colleted local detection blocks
[2026-05-17 21:09:00,870 | DEBUG]: Successfully colleted local detection blocks
[2026-05-17 21:09:00,891 | DEBUG]: Successfully colleted local detection blocks
[2026-05-17 21:09:00,929 | DEBUG]: Successfully colleted local detection blocks
[2026-05-17 21:09:00,936 | DEBUG]: Successfully colleted local detection blocks
[2026-05-17 21:09:00,978 | DEBUG]: Successfully colleted local detection blocks
[2026-05-17 21:09:00,994 | DEBUG]: Successfully colleted local detection blocks
[2026-05-17 21:09:01,047 | DEBUG]: Successfully colleted local detection blocks
[2026-05-17 21:09:01,088 | DEBUG]: Successfully colleted local detection blocks
[2026-05-17 21:09:01,095 | DEBUG]: Successfully colleted local detection blocks
[2026-05-17 21:09:01,140 | DEBUG]: Successfully colleted local detection blocks
[2026-05-17 21:09:01,165 | DEBUG]: Successfully colleted local detection blocks
[2026-05-17 21:09:01,245 | DEBUG]: Successfully colleted local detection blocks
[2026-05-17 21:09:01,247 | DEBUG]: Successfully colleted local detection blocks
[2026-05-17 21:09:01,276 | DEBUG]: Successfully colleted local detection blocks
[2026-05-17 21:09:01,277 | DEBUG]: Successfully colleted local detection blocks
[2026-05-17 21:09:01,304 | DEBUG]: Successfully colleted local detection blocks
[2026-05-17 21:09:01,322 | DEBUG]: Successfully colleted local detection blocks
[2026-05-17 21:09:01,345 | DEBUG]: Successfully colleted local detection blocks
[2026-05-17 21:09:01,360 | DEBUG]: Successfully colleted local detection blocks
[2026-05-17 21:09:01,386 | DEBUG]: Successfully colleted local detection blocks
[2026-05-17 21:09:01,426 | DEBUG]: Successfully colleted local detection blocks
[2026-05-17 21:09:01,437 | DEBUG]: Successfully colleted local detection blocks
[2026-05-17 21:09:01,484 | DEBUG]: Successfully colleted local detection blocks
[2026-05-17 21:09:01,490 | DEBUG]: Successfully colleted local detection blocks
[2026-05-17 21:09:01,544 | DEBUG]: Successfully colleted local detection blocks
[2026-05-17 21:09:01,565 | DEBUG]: Successfully colleted local detection blocks
[2026-05-17 21:09:01,580 | DEBUG]: Successfully colleted local detection blocks
[2026-05-17 21:09:01,598 | DEBUG]: Successfully colleted local detection blocks
[2026-05-17 21:09:01,627 | DEBUG]: Successfully colleted local detection blocks
[2026-05-17 21:09:01,688 | DEBUG]: Successfully colleted local detection blocks
[2026-05-17 21:09:01,696 | DEBUG]: Successfully colleted local detection blocks
[2026-05-17 21:09:01,709 | DEBUG]: Successfully colleted local detection blocks
[2026-05-17 21:09:01,753 | DEBUG]: Successfully colleted local detection blocks
[2026-05-17 21:09:01,783 | DEBUG]: Successfully colleted local detection blocks
[2026-05-17 21:09:01,797 | DEBUG]: Successfully colleted local detection blocks
[2026-05-17 21:09:01,811 | DEBUG]: Successfully colleted local detection blocks
[2026-05-17 21:09:01,827 | DEBUG]: Successfully colleted local detection blocks
[2026-05-17 21:09:01,857 | DEBUG]: Successfully colleted local detection blocks
[2026-05-17 21:09:01,875 | DEBUG]: Successfully colleted local detection blocks
[2026-05-17 21:09:01,891 | DEBUG]: Successfully colleted local detection blocks
[2026-05-17 21:09:01,903 | DEBUG]: Successfully colleted local detection blocks
[2026-05-17 21:09:01,940 | DEBUG]: Successfully colleted local detection blocks
[2026-05-17 21:09:01,979 | DEBUG]: Successfully colleted local detection blocks
[2026-05-17 21:09:01,980 | DEBUG]: Successfully colleted local detection blocks
[2026-05-17 21:09:02,041 | DEBUG]: Successfully colleted local detection blocks
[2026-05-17 21:09:02,045 | DEBUG]: Successfully colleted local detection blocks
[2026-05-17 21:09:02,088 | DEBUG]: Successfully colleted local detection blocks
[2026-05-17 21:09:02,089 | DEBUG]: Successfully colleted local detection blocks
[2026-05-17 21:09:02,165 | DEBUG]: Successfully colleted local detection blocks
[2026-05-17 21:09:02,175 | DEBUG]: Successfully colleted local detection blocks
[2026-05-17 21:09:02,207 | DEBUG]: Successfully colleted local detection blocks
[2026-05-17 21:09:02,210 | DEBUG]: Successfully colleted local detection blocks
[2026-05-17 21:09:02,225 | DEBUG]: Successfully colleted local detection blocks
[2026-05-17 21:09:02,241 | DEBUG]: Successfully colleted local detection blocks
[2026-05-17 21:09:02,277 | DEBUG]: Successfully colleted local detection blocks
[2026-05-17 21:09:02,319 | DEBUG]: Successfully colleted local detection blocks
[2026-05-17 21:09:02,326 | DEBUG]: Successfully colleted local detection blocks
[2026-05-17 21:09:02,346 | DEBUG]: Successfully colleted local detection blocks
[2026-05-17 21:09:02,371 | DEBUG]: Successfully colleted local detection blocks
[2026-05-17 21:09:02,386 | DEBUG]: Successfully colleted local detection blocks
[2026-05-17 21:09:02,417 | DEBUG]: Successfully colleted local detection blocks
[2026-05-17 21:09:02,436 | DEBUG]: Successfully colleted local detection blocks
[2026-05-17 21:09:02,448 | DEBUG]: Successfully colleted local detection blocks
[2026-05-17 21:09:02,491 | DEBUG]: Successfully colleted local detection blocks
[2026-05-17 21:09:02,517 | DEBUG]: Successfully colleted local detection blocks
[2026-05-17 21:09:02,526 | DEBUG]: Successfully colleted local detection blocks
[2026-05-17 21:09:02,594 | DEBUG]: Successfully colleted local detection blocks
[2026-05-17 21:09:02,602 | DEBUG]: Successfully colleted local detection blocks
[2026-05-17 21:09:02,634 | DEBUG]: Successfully colleted local detection blocks
[2026-05-17 21:09:02,637 | DEBUG]: Successfully colleted local detection blocks
[2026-05-17 21:09:02,676 | DEBUG]: Successfully colleted local detection blocks
[2026-05-17 21:09:02,688 | DEBUG]: Successfully colleted local detection blocks
[2026-05-17 21:09:02,718 | DEBUG]: Successfully colleted local detection blocks
[2026-05-17 21:09:02,781 | DEBUG]: Successfully colleted local detection blocks
[2026-05-17 21:09:02,787 | DEBUG]: Successfully colleted local detection blocks
[2026-05-17 21:09:02,836 | DEBUG]: Successfully colleted local detection blocks
[2026-05-17 21:09:02,858 | DEBUG]: Successfully colleted local detection blocks
[2026-05-17 21:09:02,883 | DEBUG]: Successfully colleted local detection blocks
[2026-05-17 21:09:02,970 | DEBUG]: Successfully colleted local detection blocks
[2026-05-17 21:09:02,976 | DEBUG]: Successfully colleted local detection blocks
[2026-05-17 21:09:02,992 | DEBUG]: Successfully colleted local detection blocks
[2026-05-17 21:09:03,042 | DEBUG]: Successfully colleted local detection blocks
[2026-05-17 21:09:03,070 | DEBUG]: Successfully colleted local detection blocks
[2026-05-17 21:09:03,102 | DEBUG]: Successfully colleted local detection blocks
[2026-05-17 21:09:03,140 | DEBUG]: Successfully colleted local detection blocks
[2026-05-17 21:09:03,170 | DEBUG]: Successfully colleted local detection blocks
[2026-05-17 21:09:03,210 | DEBUG]: Successfully colleted local detection blocks
[2026-05-17 21:09:03,238 | DEBUG]: Successfully colleted local detection blocks
[2026-05-17 21:09:03,264 | DEBUG]: Successfully colleted local detection blocks
[2026-05-17 21:09:03,309 | DEBUG]: Successfully colleted local detection blocks
[2026-05-17 21:09:03,328 | DEBUG]: Successfully colleted local detection blocks
[2026-05-17 21:09:03,392 | DEBUG]: Successfully colleted local detection blocks
[2026-05-17 21:09:03,440 | DEBUG]: Successfully colleted local detection blocks
[2026-05-17 21:09:03,459 | DEBUG]: Successfully colleted local detection blocks
[2026-05-17 21:09:03,494 | DEBUG]: Successfully colleted local detection blocks
[2026-05-17 21:09:03,511 | DEBUG]: Successfully colleted local detection blocks
[2026-05-17 21:09:03,564 | DEBUG]: Successfully colleted local detection blocks
[2026-05-17 21:09:03,587 | DEBUG]: Successfully colleted local detection blocks
[2026-05-17 21:09:03,605 | DEBUG]: Successfully colleted local detection blocks
[2026-05-17 21:09:03,655 | DEBUG]: Successfully colleted local detection blocks
[2026-05-17 21:09:03,679 | DEBUG]: Successfully colleted local detection blocks
[2026-05-17 21:09:03,722 | DEBUG]: Successfully colleted local detection blocks
[2026-05-17 21:09:03,753 | DEBUG]: Successfully colleted local detection blocks
[2026-05-17 21:09:03,781 | DEBUG]: Successfully colleted local detection blocks
[2026-05-17 21:09:03,799 | DEBUG]: Successfully colleted local detection blocks
[2026-05-17 21:09:03,828 | DEBUG]: Successfully colleted local detection blocks
[2026-05-17 21:09:03,876 | DEBUG]: Successfully colleted local detection blocks
[2026-05-17 21:09:03,898 | DEBUG]: Successfully colleted local detection blocks
[2026-05-17 21:09:03,926 | DEBUG]: Successfully colleted local detection blocks
[2026-05-17 21:09:03,948 | DEBUG]: Successfully colleted local detection blocks
[2026-05-17 21:09:03,978 | DEBUG]: Successfully colleted local detection blocks
[2026-05-17 21:09:04,011 | DEBUG]: Successfully colleted local detection blocks
[2026-05-17 21:09:04,041 | DEBUG]: Successfully colleted local detection blocks
[2026-05-17 21:09:04,063 | DEBUG]: Successfully colleted local detection blocks
[2026-05-17 21:09:04,115 | DEBUG]: Successfully colleted local detection blocks
[2026-05-17 21:09:04,152 | DEBUG]: Successfully colleted local detection blocks
[2026-05-17 21:09:04,161 | DEBUG]: Successfully colleted local detection blocks
[2026-05-17 21:09:04,187 | DEBUG]: Successfully colleted local detection blocks
[2026-05-17 21:09:04,226 | DEBUG]: Successfully colleted local detection blocks
[2026-05-17 21:09:04,278 | DEBUG]: Successfully colleted local detection blocks
[2026-05-17 21:09:04,287 | DEBUG]: Successfully colleted local detection blocks
[2026-05-17 21:09:04,325 | DEBUG]: Successfully colleted local detection blocks
[2026-05-17 21:09:04,363 | DEBUG]: Successfully colleted local detection blocks
[2026-05-17 21:09:04,373 | DEBUG]: Successfully colleted local detection blocks
[2026-05-17 21:09:04,415 | DEBUG]: Successfully colleted local detection blocks
[2026-05-17 21:09:04,462 | DEBUG]: Successfully colleted local detection blocks
[2026-05-17 21:09:04,472 | DEBUG]: Successfully colleted local detection blocks
[2026-05-17 21:09:04,503 | DEBUG]: Successfully colleted local detection blocks
[2026-05-17 21:09:04,550 | DEBUG]: Successfully colleted local detection blocks
[2026-05-17 21:09:04,567 | DEBUG]: Successfully colleted local detection blocks
[2026-05-17 21:09:04,638 | DEBUG]: Successfully colleted local detection blocks
[2026-05-17 21:09:04,658 | DEBUG]: Successfully colleted local detection blocks
[2026-05-17 21:09:04,672 | DEBUG]: Successfully colleted local detection blocks
[2026-05-17 21:09:04,695 | DEBUG]: Successfully colleted local detection blocks
[2026-05-17 21:09:04,768 | DEBUG]: Successfully colleted local detection blocks
[2026-05-17 21:09:04,781 | DEBUG]: Successfully colleted local detection blocks
[2026-05-17 21:09:04,800 | DEBUG]: Successfully colleted local detection blocks
[2026-05-17 21:09:04,852 | DEBUG]: Successfully colleted local detection blocks
[2026-05-17 21:09:04,859 | DEBUG]: Successfully colleted local detection blocks
[2026-05-17 21:09:04,880 | DEBUG]: Successfully colleted local detection blocks
[2026-05-17 21:09:04,918 | DEBUG]: Successfully colleted local detection blocks
[2026-05-17 21:09:04,956 | DEBUG]: Successfully colleted local detection blocks
[2026-05-17 21:09:05,005 | DEBUG]: Successfully colleted local detection blocks
[2026-05-17 21:09:05,040 | DEBUG]: Successfully colleted local detection blocks
[2026-05-17 21:09:05,051 | DEBUG]: Successfully colleted local detection blocks
[2026-05-17 21:09:05,077 | DEBUG]: Successfully colleted local detection blocks
[2026-05-17 21:09:05,098 | DEBUG]: Successfully colleted local detection blocks
[2026-05-17 21:09:05,135 | DEBUG]: Successfully colleted local detection blocks
[2026-05-17 21:09:05,168 | DEBUG]: Successfully colleted local detection blocks
[2026-05-17 21:09:05,198 | DEBUG]: Successfully colleted local detection blocks
[2026-05-17 21:09:05,228 | DEBUG]: Successfully colleted local detection blocks
[2026-05-17 21:09:05,269 | DEBUG]: Successfully colleted local detection blocks
[2026-05-17 21:09:05,289 | DEBUG]: Successfully colleted local detection blocks
[2026-05-17 21:09:05,302 | DEBUG]: Successfully colleted local detection blocks
[2026-05-17 21:09:05,342 | DEBUG]: Successfully colleted local detection blocks
[2026-05-17 21:09:05,343 | DEBUG]: Successfully colleted local detection blocks
[2026-05-17 21:09:05,378 | DEBUG]: Successfully colleted local detection blocks
[2026-05-17 21:09:05,394 | DEBUG]: Successfully colleted local detection blocks
[2026-05-17 21:09:05,418 | DEBUG]: Successfully colleted local detection blocks
[2026-05-17 21:09:05,470 | DEBUG]: Successfully colleted local detection blocks
[2026-05-17 21:09:05,485 | DEBUG]: Successfully colleted local detection blocks
[2026-05-17 21:09:05,513 | DEBUG]: Successfully colleted local detection blocks
[2026-05-17 21:09:05,527 | DEBUG]: Successfully colleted local detection blocks
[2026-05-17 21:09:05,555 | DEBUG]: Successfully colleted local detection blocks
[2026-05-17 21:09:05,626 | DEBUG]: Successfully colleted local detection blocks
[2026-05-17 21:09:05,630 | DEBUG]: Successfully colleted local detection blocks
[2026-05-17 21:09:05,687 | DEBUG]: Successfully colleted local detection blocks
[2026-05-17 21:09:05,697 | DEBUG]: Successfully colleted local detection blocks
[2026-05-17 21:09:05,697 | DEBUG]: Successfully colleted local detection blocks
[2026-05-17 21:09:05,759 | DEBUG]: Successfully colleted local detection blocks
[2026-05-17 21:09:05,774 | DEBUG]: Successfully colleted local detection blocks
[2026-05-17 21:09:05,802 | DEBUG]: Successfully colleted local detection blocks
[2026-05-17 21:09:05,851 | DEBUG]: Successfully colleted local detection blocks
[2026-05-17 21:09:05,866 | DEBUG]: Successfully colleted local detection blocks
[2026-05-17 21:09:05,939 | DEBUG]: Successfully colleted local detection blocks
[2026-05-17 21:09:05,954 | DEBUG]: Successfully colleted local detection blocks
[2026-05-17 21:09:05,994 | DEBUG]: Successfully colleted local detection blocks
[2026-05-17 21:09:06,025 | DEBUG]: Successfully colleted local detection blocks
[2026-05-17 21:09:06,044 | DEBUG]: Successfully colleted local detection blocks
[2026-05-17 21:09:06,086 | DEBUG]: Successfully colleted local detection blocks
[2026-05-17 21:09:06,110 | DEBUG]: Successfully colleted local detection blocks
[2026-05-17 21:09:06,157 | DEBUG]: Successfully colleted local detection blocks
[2026-05-17 21:09:06,160 | DEBUG]: Successfully colleted local detection blocks
[2026-05-17 21:09:06,223 | DEBUG]: Successfully colleted local detection blocks
[2026-05-17 21:09:06,258 | DEBUG]: Successfully colleted local detection blocks
[2026-05-17 21:09:06,308 | DEBUG]: Successfully colleted local detection blocks
[2026-05-17 21:09:06,317 | DEBUG]: Successfully colleted local detection blocks
[2026-05-17 21:09:06,406 | DEBUG]: Successfully colleted local detection blocks
[2026-05-17 21:09:06,418 | DEBUG]: Successfully colleted local detection blocks
[2026-05-17 21:09:06,428 | DEBUG]: Successfully colleted local detection blocks
[2026-05-17 21:09:06,480 | DEBUG]: Successfully colleted local detection blocks
[2026-05-17 21:09:06,496 | DEBUG]: Successfully colleted local detection blocks
[2026-05-17 21:09:06,514 | DEBUG]: Successfully colleted local detection blocks
[2026-05-17 21:09:06,541 | DEBUG]: Successfully colleted local detection blocks
[2026-05-17 21:09:06,603 | DEBUG]: Successfully colleted local detection blocks
[2026-05-17 21:09:06,617 | DEBUG]: Successfully colleted local detection blocks
[2026-05-17 21:09:06,626 | DEBUG]: Successfully colleted local detection blocks
[2026-05-17 21:09:06,668 | DEBUG]: Successfully colleted local detection blocks
[2026-05-17 21:09:06,689 | DEBUG]: Successfully colleted local detection blocks
[2026-05-17 21:09:06,735 | DEBUG]: Successfully colleted local detection blocks
[2026-05-17 21:09:06,774 | DEBUG]: Successfully colleted local detection blocks
[2026-05-17 21:09:06,829 | DEBUG]: Successfully colleted local detection blocks
[2026-05-17 21:09:06,839 | DEBUG]: Successfully colleted local detection blocks
[2026-05-17 21:09:06,892 | DEBUG]: Successfully colleted local detection blocks
[2026-05-17 21:09:06,905 | DEBUG]: Successfully colleted local detection blocks
[2026-05-17 21:09:06,940 | DEBUG]: Successfully colleted local detection blocks
[2026-05-17 21:09:06,953 | DEBUG]: Successfully colleted local detection blocks
[2026-05-17 21:09:06,986 | DEBUG]: Successfully colleted local detection blocks
[2026-05-17 21:09:07,049 | DEBUG]: Successfully colleted local detection blocks
[2026-05-17 21:09:07,093 | DEBUG]: Successfully colleted local detection blocks
[2026-05-17 21:09:07,101 | DEBUG]: Successfully colleted local detection blocks
[2026-05-17 21:09:07,176 | DEBUG]: Successfully colleted local detection blocks
[2026-05-17 21:09:07,184 | DEBUG]: Successfully colleted local detection blocks
[2026-05-17 21:09:07,196 | DEBUG]: Successfully colleted local detection blocks
[2026-05-17 21:09:07,231 | DEBUG]: Successfully colleted local detection blocks
[2026-05-17 21:09:07,258 | DEBUG]: Successfully colleted local detection blocks
[2026-05-17 21:09:07,311 | DEBUG]: Successfully colleted local detection blocks
[2026-05-17 21:09:07,322 | DEBUG]: Successfully colleted local detection blocks
[2026-05-17 21:09:07,378 | DEBUG]: Successfully colleted local detection blocks
[2026-05-17 21:09:07,380 | DEBUG]: Successfully colleted local detection blocks
[2026-05-17 21:09:07,410 | DEBUG]: Successfully colleted local detection blocks
[2026-05-17 21:09:07,463 | DEBUG]: Successfully colleted local detection blocks
[2026-05-17 21:09:07,476 | DEBUG]: Successfully colleted local detection blocks
[2026-05-17 21:09:07,505 | DEBUG]: Successfully colleted local detection blocks
[2026-05-17 21:09:07,540 | DEBUG]: Successfully colleted local detection blocks
[2026-05-17 21:09:07,602 | DEBUG]: Successfully colleted local detection blocks
[2026-05-17 21:09:07,621 | DEBUG]: Successfully colleted local detection blocks
[2026-05-17 21:09:07,653 | DEBUG]: Successfully colleted local detection blocks
[2026-05-17 21:09:07,692 | DEBUG]: Successfully colleted local detection blocks
[2026-05-17 21:09:07,709 | DEBUG]: Successfully colleted local detection blocks
[2026-05-17 21:09:07,733 | DEBUG]: Successfully colleted local detection blocks
[2026-05-17 21:09:07,782 | DEBUG]: Successfully colleted local detection blocks
[2026-05-17 21:09:07,835 | DEBUG]: Successfully colleted local detection blocks
[2026-05-17 21:09:07,851 | DEBUG]: Successfully colleted local detection blocks
[2026-05-17 21:09:07,885 | DEBUG]: Successfully colleted local detection blocks
[2026-05-17 21:09:07,899 | DEBUG]: Successfully colleted local detection blocks
[2026-05-17 21:09:07,941 | DEBUG]: Successfully colleted local detection blocks
[2026-05-17 21:09:07,961 | DEBUG]: Successfully colleted local detection blocks
[2026-05-17 21:09:08,013 | DEBUG]: Successfully colleted local detection blocks
[2026-05-17 21:09:08,024 | DEBUG]: Successfully colleted local detection blocks
[2026-05-17 21:09:08,085 | DEBUG]: Successfully colleted local detection blocks
[2026-05-17 21:09:08,098 | DEBUG]: Successfully colleted local detection blocks
[2026-05-17 21:09:08,099 | INFO]: Filter successfully return filtered detected blocks
[2026-05-17 21:09:08,100 | INFO]: Finished filtering...
[2026-05-17 21:09:08,100 | INFO]: Converting detected blocks into json...
[2026-05-17 21:09:08,100 | DEBUG]: Successfully converted into json file
[2026-05-17 21:09:08,101 | INFO]: Converter successfully stored detections in detection20260517210908.json
[2026-05-17 21:09:08,102 | DEBUG]: Deleting: detection20260517202443.json
[2026-05-17 21:09:08,103 | DEBUG]: Deleting: run_20260517202426.log
[2026-05-17 21:09:08,103 | INFO]: Converted to json file (detections)...
[2026-05-17 21:09:08,124 | INFO]: Finished C++ analysis, clustering and converting to json file (findings)...
