[2026-05-17 21:01:21,589 | INFO]: Starting scan...
[2026-05-17 21:01:21,596 | DEBUG]: Verifying radius 32...
[2026-05-17 21:01:23,250 | INFO]: Verified radius 32. Collecting block data...
[2026-05-17 21:01:43,907 | INFO]: Scan successfully completed at radius: 32
[2026-05-17 21:01:43,907 | INFO]: Finished scanning...
[2026-05-17 21:01:43,907 | INFO]: Starting filter...
[2026-05-17 21:01:43,951 | DEBUG]: Successfully colleted local detection blocks
[2026-05-17 21:01:43,992 | DEBUG]: Successfully colleted local detection blocks
[2026-05-17 21:01:44,136 | DEBUG]: Successfully colleted local detection blocks
[2026-05-17 21:01:44,151 | DEBUG]: Successfully colleted local detection blocks
[2026-05-17 21:01:44,148 | DEBUG]: Successfully colleted local detection blocks
[2026-05-17 21:01:44,180 | DEBUG]: Successfully colleted local detection blocks
[2026-05-17 21:01:44,162 | DEBUG]: Successfully colleted local detection blocks
[2026-05-17 21:01:44,194 | DEBUG]: Successfully colleted local detection blocks
[2026-05-17 21:01:44,206 | DEBUG]: Successfully colleted local detection blocks
[2026-05-17 21:01:44,230 | DEBUG]: Successfully colleted local detection blocks
[2026-05-17 21:01:44,267 | DEBUG]: Successfully colleted local detection blocks
[2026-05-17 21:01:44,268 | DEBUG]: Successfully colleted local detection blocks
[2026-05-17 21:01:44,311 | DEBUG]: Successfully colleted local detection blocks
[2026-05-17 21:01:44,344 | DEBUG]: Successfully colleted local detection blocks
[2026-05-17 21:01:44,364 | DEBUG]: Successfully colleted local detection blocks
[2026-05-17 21:01:44,370 | DEBUG]: Successfully colleted local detection blocks
[2026-05-17 21:01:44,372 | DEBUG]: Successfully colleted local detection blocks
[2026-05-17 21:01:44,406 | DEBUG]: Successfully colleted local detection blocks
[2026-05-17 21:01:44,435 | DEBUG]: Successfully colleted local detection blocks
[2026-05-17 21:01:44,461 | DEBUG]: Successfully colleted local detection blocks
[2026-05-17 21:01:44,513 | DEBUG]: Successfully colleted local detection blocks
[2026-05-17 21:01:44,518 | DEBUG]: Successfully colleted local detection blocks
[2026-05-17 21:01:44,584 | DEBUG]: Successfully colleted local detection blocks
[2026-05-17 21:01:44,590 | DEBUG]: Successfully colleted local detection blocks
[2026-05-17 21:01:44,593 | DEBUG]: Successfully colleted local detection blocks
[2026-05-17 21:01:44,595 | DEBUG]: Successfully colleted local detection blocks
[2026-05-17 21:01:44,597 | DEBUG]: Successfully colleted local detection blocks
[2026-05-17 21:01:44,644 | DEBUG]: Successfully colleted local detection blocks
[2026-05-17 21:01:44,668 | DEBUG]: Successfully colleted local detection blocks
[2026-05-17 21:01:44,685 | DEBUG]: Successfully colleted local detection blocks
[2026-05-17 21:01:44,712 | DEBUG]: Successfully colleted local detection blocks
[2026-05-17 21:01:44,747 | DEBUG]: Successfully colleted local detection blocks
[2026-05-17 21:01:44,750 | DEBUG]: Successfully colleted local detection blocks
[2026-05-17 21:01:44,752 | DEBUG]: Successfully colleted local detection blocks
[2026-05-17 21:01:44,794 | DEBUG]: Successfully colleted local detection blocks
[2026-05-17 21:01:44,805 | DEBUG]: Successfully colleted local detection blocks
[2026-05-17 21:01:44,832 | DEBUG]: Successfully colleted local detection blocks
[2026-05-17 21:01:44,834 | DEBUG]: Successfully colleted local detection blocks
[2026-05-17 21:01:44,836 | DEBUG]: Successfully colleted local detection blocks
[2026-05-17 21:01:44,887 | DEBUG]: Successfully colleted local detection blocks
[2026-05-17 21:01:44,899 | DEBUG]: Successfully colleted local detection blocks
[2026-05-17 21:01:44,925 | DEBUG]: Successfully colleted local detection blocks
[2026-05-17 21:01:44,954 | DEBUG]: Successfully colleted local detection blocks
[2026-05-17 21:01:44,956 | DEBUG]: Successfully colleted local detection blocks
[2026-05-17 21:01:44,990 | DEBUG]: Successfully colleted local detection blocks
[2026-05-17 21:01:44,992 | DEBUG]: Successfully colleted local detection blocks
[2026-05-17 21:01:45,048 | DEBUG]: Successfully colleted local detection blocks
[2026-05-17 21:01:45,085 | DEBUG]: Successfully colleted local detection blocks
[2026-05-17 21:01:45,089 | DEBUG]: Successfully colleted local detection blocks
[2026-05-17 21:01:45,101 | DEBUG]: Successfully colleted local detection blocks
[2026-05-17 21:01:45,131 | DEBUG]: Successfully colleted local detection blocks
[2026-05-17 21:01:45,132 | DEBUG]: Successfully colleted local detection blocks
[2026-05-17 21:01:45,134 | DEBUG]: Successfully colleted local detection blocks
[2026-05-17 21:01:45,193 | DEBUG]: Successfully colleted local detection blocks
[2026-05-17 21:01:45,213 | DEBUG]: Successfully colleted local detection blocks
[2026-05-17 21:01:45,223 | DEBUG]: Successfully colleted local detection blocks
[2026-05-17 21:01:45,241 | DEBUG]: Successfully colleted local detection blocks
[2026-05-17 21:01:45,288 | DEBUG]: Successfully colleted local detection blocks
[2026-05-17 21:01:45,306 | DEBUG]: Successfully colleted local detection blocks
[2026-05-17 21:01:45,357 | DEBUG]: Successfully colleted local detection blocks
[2026-05-17 21:01:45,371 | DEBUG]: Successfully colleted local detection blocks
[2026-05-17 21:01:45,373 | DEBUG]: Successfully colleted local detection blocks
[2026-05-17 21:01:45,375 | DEBUG]: Successfully colleted local detection blocks
[2026-05-17 21:01:45,410 | DEBUG]: Successfully colleted local detection blocks
[2026-05-17 21:01:45,412 | DEBUG]: Successfully colleted local detection blocks
[2026-05-17 21:01:45,463 | DEBUG]: Successfully colleted local detection blocks
[2026-05-17 21:01:45,495 | DEBUG]: Successfully colleted local detection blocks
[2026-05-17 21:01:45,509 | DEBUG]: Successfully colleted local detection blocks
[2026-05-17 21:01:45,530 | DEBUG]: Successfully colleted local detection blocks
[2026-05-17 21:01:45,539 | DEBUG]: Successfully colleted local detection blocks
[2026-05-17 21:01:45,568 | DEBUG]: Successfully colleted local detection blocks
[2026-05-17 21:01:45,569 | DEBUG]: Successfully colleted local detection blocks
[2026-05-17 21:01:45,612 | DEBUG]: Successfully colleted local detection blocks
[2026-05-17 21:01:45,662 | DEBUG]: Successfully colleted local detection blocks
[2026-05-17 21:01:45,688 | DEBUG]: Successfully colleted local detection blocks
[2026-05-17 21:01:45,758 | DEBUG]: Successfully colleted local detection blocks
[2026-05-17 21:01:45,760 | DEBUG]: Successfully colleted local detection blocks
[2026-05-17 21:01:45,765 | DEBUG]: Successfully colleted local detection blocks
[2026-05-17 21:01:45,767 | DEBUG]: Successfully colleted local detection blocks
[2026-05-17 21:01:45,770 | DEBUG]: Successfully colleted local detection blocks
[2026-05-17 21:01:45,772 | DEBUG]: Successfully colleted local detection blocks
[2026-05-17 21:01:45,774 | DEBUG]: Successfully colleted local detection blocks
[2026-05-17 21:01:45,804 | DEBUG]: Successfully colleted local detection blocks
[2026-05-17 21:01:45,831 | DEBUG]: Successfully colleted local detection blocks
[2026-05-17 21:01:45,859 | DEBUG]: Successfully colleted local detection blocks
[2026-05-17 21:01:45,889 | DEBUG]: Successfully colleted local detection blocks
[2026-05-17 21:01:45,930 | DEBUG]: Successfully colleted local detection blocks
[2026-05-17 21:01:45,956 | DEBUG]: Successfully colleted local detection blocks
[2026-05-17 21:01:46,006 | DEBUG]: Successfully colleted local detection blocks
[2026-05-17 21:01:46,035 | DEBUG]: Successfully colleted local detection blocks
[2026-05-17 21:01:46,057 | DEBUG]: Successfully colleted local detection blocks
[2026-05-17 21:01:46,063 | DEBUG]: Successfully colleted local detection blocks
[2026-05-17 21:01:46,066 | DEBUG]: Successfully colleted local detection blocks
[2026-05-17 21:01:46,096 | DEBUG]: Successfully colleted local detection blocks
[2026-05-17 21:01:46,105 | DEBUG]: Successfully colleted local detection blocks
[2026-05-17 21:01:46,138 | DEBUG]: Successfully colleted local detection blocks
[2026-05-17 21:01:46,165 | DEBUG]: Successfully colleted local detection blocks
[2026-05-17 21:01:46,229 | DEBUG]: Successfully colleted local detection blocks
[2026-05-17 21:01:46,272 | DEBUG]: Successfully colleted local detection blocks
[2026-05-17 21:01:46,275 | DEBUG]: Successfully colleted local detection blocks
[2026-05-17 21:01:46,282 | DEBUG]: Successfully colleted local detection blocks
[2026-05-17 21:01:46,296 | DEBUG]: Successfully colleted local detection blocks
[2026-05-17 21:01:46,313 | DEBUG]: Successfully colleted local detection blocks
[2026-05-17 21:01:46,357 | DEBUG]: Successfully colleted local detection blocks
[2026-05-17 21:01:46,371 | DEBUG]: Successfully colleted local detection blocks
[2026-05-17 21:01:46,402 | DEBUG]: Successfully colleted local detection blocks
[2026-05-17 21:01:46,419 | DEBUG]: Successfully colleted local detection blocks
[2026-05-17 21:01:46,444 | DEBUG]: Successfully colleted local detection blocks
[2026-05-17 21:01:46,446 | DEBUG]: Successfully colleted local detection blocks
[2026-05-17 21:01:46,489 | DEBUG]: Successfully colleted local detection blocks
[2026-05-17 21:01:46,501 | DEBUG]: Successfully colleted local detection blocks
[2026-05-17 21:01:46,545 | DEBUG]: Successfully colleted local detection blocks
[2026-05-17 21:01:46,566 | DEBUG]: Successfully colleted local detection blocks
[2026-05-17 21:01:46,602 | DEBUG]: Successfully colleted local detection blocks
[2026-05-17 21:01:46,653 | DEBUG]: Successfully colleted local detection blocks
[2026-05-17 21:01:46,670 | DEBUG]: Successfully colleted local detection blocks
[2026-05-17 21:01:46,672 | DEBUG]: Successfully colleted local detection blocks
[2026-05-17 21:01:46,674 | DEBUG]: Successfully colleted local detection blocks
[2026-05-17 21:01:46,676 | DEBUG]: Successfully colleted local detection blocks
[2026-05-17 21:01:46,678 | DEBUG]: Successfully colleted local detection blocks
[2026-05-17 21:01:46,702 | DEBUG]: Successfully colleted local detection blocks
[2026-05-17 21:01:46,771 | DEBUG]: Successfully colleted local detection blocks
[2026-05-17 21:01:46,789 | DEBUG]: Successfully colleted local detection blocks
[2026-05-17 21:01:46,833 | DEBUG]: Successfully colleted local detection blocks
[2026-05-17 21:01:46,837 | DEBUG]: Successfully colleted local detection blocks
[2026-05-17 21:01:46,842 | DEBUG]: Successfully colleted local detection blocks
[2026-05-17 21:01:46,864 | DEBUG]: Successfully colleted local detection blocks
[2026-05-17 21:01:46,879 | DEBUG]: Successfully colleted local detection blocks
[2026-05-17 21:01:46,893 | DEBUG]: Successfully colleted local detection blocks
[2026-05-17 21:01:46,943 | DEBUG]: Successfully colleted local detection blocks
[2026-05-17 21:01:46,961 | DEBUG]: Successfully colleted local detection blocks
[2026-05-17 21:01:47,015 | DEBUG]: Successfully colleted local detection blocks
[2026-05-17 21:01:47,017 | DEBUG]: Successfully colleted local detection blocks
[2026-05-17 21:01:47,019 | DEBUG]: Successfully colleted local detection blocks
[2026-05-17 21:01:47,045 | DEBUG]: Successfully colleted local detection blocks
[2026-05-17 21:01:47,047 | DEBUG]: Successfully colleted local detection blocks
[2026-05-17 21:01:47,049 | DEBUG]: Successfully colleted local detection blocks
[2026-05-17 21:01:47,075 | DEBUG]: Successfully colleted local detection blocks
[2026-05-17 21:01:47,113 | DEBUG]: Successfully colleted local detection blocks
[2026-05-17 21:01:47,142 | DEBUG]: Successfully colleted local detection blocks
[2026-05-17 21:01:47,171 | DEBUG]: Successfully colleted local detection blocks
[2026-05-17 21:01:47,173 | DEBUG]: Successfully colleted local detection blocks
[2026-05-17 21:01:47,215 | DEBUG]: Successfully colleted local detection blocks
[2026-05-17 21:01:47,249 | DEBUG]: Successfully colleted local detection blocks
[2026-05-17 21:01:47,254 | DEBUG]: Successfully colleted local detection blocks
[2026-05-17 21:01:47,265 | DEBUG]: Successfully colleted local detection blocks
[2026-05-17 21:01:47,279 | DEBUG]: Successfully colleted local detection blocks
[2026-05-17 21:01:47,281 | DEBUG]: Successfully colleted local detection blocks
[2026-05-17 21:01:47,335 | DEBUG]: Successfully colleted local detection blocks
[2026-05-17 21:01:47,350 | DEBUG]: Successfully colleted local detection blocks
[2026-05-17 21:01:47,423 | DEBUG]: Successfully colleted local detection blocks
[2026-05-17 21:01:47,429 | DEBUG]: Successfully colleted local detection blocks
[2026-05-17 21:01:47,467 | DEBUG]: Successfully colleted local detection blocks
[2026-05-17 21:01:47,469 | DEBUG]: Successfully colleted local detection blocks
[2026-05-17 21:01:47,471 | DEBUG]: Successfully colleted local detection blocks
[2026-05-17 21:01:47,473 | DEBUG]: Successfully colleted local detection blocks
[2026-05-17 21:01:47,504 | DEBUG]: Successfully colleted local detection blocks
[2026-05-17 21:01:47,554 | DEBUG]: Successfully colleted local detection blocks
[2026-05-17 21:01:47,567 | DEBUG]: Successfully colleted local detection blocks
[2026-05-17 21:01:47,625 | DEBUG]: Successfully colleted local detection blocks
[2026-05-17 21:01:47,647 | DEBUG]: Successfully colleted local detection blocks
[2026-05-17 21:01:47,649 | DEBUG]: Successfully colleted local detection blocks
[2026-05-17 21:01:47,652 | DEBUG]: Successfully colleted local detection blocks
[2026-05-17 21:01:47,681 | DEBUG]: Successfully colleted local detection blocks
[2026-05-17 21:01:47,723 | DEBUG]: Successfully colleted local detection blocks
[2026-05-17 21:01:47,749 | DEBUG]: Successfully colleted local detection blocks
[2026-05-17 21:01:47,811 | DEBUG]: Successfully colleted local detection blocks
[2026-05-17 21:01:47,813 | DEBUG]: Successfully colleted local detection blocks
[2026-05-17 21:01:47,816 | DEBUG]: Successfully colleted local detection blocks
[2026-05-17 21:01:47,818 | DEBUG]: Successfully colleted local detection blocks
[2026-05-17 21:01:47,843 | DEBUG]: Successfully colleted local detection blocks
[2026-05-17 21:01:47,872 | DEBUG]: Successfully colleted local detection blocks
[2026-05-17 21:01:47,874 | DEBUG]: Successfully colleted local detection blocks
[2026-05-17 21:01:47,924 | DEBUG]: Successfully colleted local detection blocks
[2026-05-17 21:01:47,939 | DEBUG]: Successfully colleted local detection blocks
[2026-05-17 21:01:47,970 | DEBUG]: Successfully colleted local detection blocks
[2026-05-17 21:01:47,975 | DEBUG]: Successfully colleted local detection blocks
[2026-05-17 21:01:48,059 | DEBUG]: Successfully colleted local detection blocks
[2026-05-17 21:01:48,078 | DEBUG]: Successfully colleted local detection blocks
[2026-05-17 21:01:48,086 | DEBUG]: Successfully colleted local detection blocks
[2026-05-17 21:01:48,097 | DEBUG]: Successfully colleted local detection blocks
[2026-05-17 21:01:48,099 | DEBUG]: Successfully colleted local detection blocks
[2026-05-17 21:01:48,101 | DEBUG]: Successfully colleted local detection blocks
[2026-05-17 21:01:48,131 | DEBUG]: Successfully colleted local detection blocks
[2026-05-17 21:01:48,201 | DEBUG]: Successfully colleted local detection blocks
[2026-05-17 21:01:48,204 | DEBUG]: Successfully colleted local detection blocks
[2026-05-17 21:01:48,208 | DEBUG]: Successfully colleted local detection blocks
[2026-05-17 21:01:48,256 | DEBUG]: Successfully colleted local detection blocks
[2026-05-17 21:01:48,281 | DEBUG]: Successfully colleted local detection blocks
[2026-05-17 21:01:48,309 | DEBUG]: Successfully colleted local detection blocks
[2026-05-17 21:01:48,309 | DEBUG]: Successfully colleted local detection blocks
[2026-05-17 21:01:48,337 | DEBUG]: Successfully colleted local detection blocks
[2026-05-17 21:01:48,387 | DEBUG]: Successfully colleted local detection blocks
[2026-05-17 21:01:48,425 | DEBUG]: Successfully colleted local detection blocks
[2026-05-17 21:01:48,441 | DEBUG]: Successfully colleted local detection blocks
[2026-05-17 21:01:48,443 | DEBUG]: Successfully colleted local detection blocks
[2026-05-17 21:01:48,445 | DEBUG]: Successfully colleted local detection blocks
[2026-05-17 21:01:48,495 | DEBUG]: Successfully colleted local detection blocks
[2026-05-17 21:01:48,509 | DEBUG]: Successfully colleted local detection blocks
[2026-05-17 21:01:48,512 | DEBUG]: Successfully colleted local detection blocks
[2026-05-17 21:01:48,583 | DEBUG]: Successfully colleted local detection blocks
[2026-05-17 21:01:48,585 | DEBUG]: Successfully colleted local detection blocks
[2026-05-17 21:01:48,587 | DEBUG]: Successfully colleted local detection blocks
[2026-05-17 21:01:48,601 | DEBUG]: Successfully colleted local detection blocks
[2026-05-17 21:01:48,626 | DEBUG]: Successfully colleted local detection blocks
[2026-05-17 21:01:48,655 | DEBUG]: Successfully colleted local detection blocks
[2026-05-17 21:01:48,683 | DEBUG]: Successfully colleted local detection blocks
[2026-05-17 21:01:48,727 | DEBUG]: Successfully colleted local detection blocks
[2026-05-17 21:01:48,748 | DEBUG]: Successfully colleted local detection blocks
[2026-05-17 21:01:48,786 | DEBUG]: Successfully colleted local detection blocks
[2026-05-17 21:01:48,842 | DEBUG]: Successfully colleted local detection blocks
[2026-05-17 21:01:48,844 | DEBUG]: Successfully colleted local detection blocks
[2026-05-17 21:01:48,871 | DEBUG]: Successfully colleted local detection blocks
[2026-05-17 21:01:48,873 | DEBUG]: Successfully colleted local detection blocks
[2026-05-17 21:01:48,875 | DEBUG]: Successfully colleted local detection blocks
[2026-05-17 21:01:48,877 | DEBUG]: Successfully colleted local detection blocks
[2026-05-17 21:01:48,903 | DEBUG]: Successfully colleted local detection blocks
[2026-05-17 21:01:48,932 | DEBUG]: Successfully colleted local detection blocks
[2026-05-17 21:01:48,981 | DEBUG]: Successfully colleted local detection blocks
[2026-05-17 21:01:48,986 | DEBUG]: Successfully colleted local detection blocks
[2026-05-17 21:01:49,034 | DEBUG]: Successfully colleted local detection blocks
[2026-05-17 21:01:49,059 | DEBUG]: Successfully colleted local detection blocks
[2026-05-17 21:01:49,087 | DEBUG]: Successfully colleted local detection blocks
[2026-05-17 21:01:49,095 | DEBUG]: Successfully colleted local detection blocks
[2026-05-17 21:01:49,126 | DEBUG]: Successfully colleted local detection blocks
[2026-05-17 21:01:49,128 | DEBUG]: Successfully colleted local detection blocks
[2026-05-17 21:01:49,130 | DEBUG]: Successfully colleted local detection blocks
[2026-05-17 21:01:49,164 | DEBUG]: Successfully colleted local detection blocks
[2026-05-17 21:01:49,166 | DEBUG]: Successfully colleted local detection blocks
[2026-05-17 21:01:49,193 | DEBUG]: Successfully colleted local detection blocks
[2026-05-17 21:01:49,232 | DEBUG]: Successfully colleted local detection blocks
[2026-05-17 21:01:49,235 | DEBUG]: Successfully colleted local detection blocks
[2026-05-17 21:01:49,238 | DEBUG]: Successfully colleted local detection blocks
[2026-05-17 21:01:49,266 | DEBUG]: Successfully colleted local detection blocks
[2026-05-17 21:01:49,321 | DEBUG]: Successfully colleted local detection blocks
[2026-05-17 21:01:49,403 | DEBUG]: Successfully colleted local detection blocks
[2026-05-17 21:01:49,411 | DEBUG]: Successfully colleted local detection blocks
[2026-05-17 21:01:49,418 | DEBUG]: Successfully colleted local detection blocks
[2026-05-17 21:01:49,420 | DEBUG]: Successfully colleted local detection blocks
[2026-05-17 21:01:49,423 | DEBUG]: Successfully colleted local detection blocks
[2026-05-17 21:01:49,425 | DEBUG]: Successfully colleted local detection blocks
[2026-05-17 21:01:49,428 | DEBUG]: Successfully colleted local detection blocks
[2026-05-17 21:01:49,470 | DEBUG]: Successfully colleted local detection blocks
[2026-05-17 21:01:49,478 | DEBUG]: Successfully colleted local detection blocks
[2026-05-17 21:01:49,496 | DEBUG]: Successfully colleted local detection blocks
[2026-05-17 21:01:49,546 | DEBUG]: Successfully colleted local detection blocks
[2026-05-17 21:01:49,562 | DEBUG]: Successfully colleted local detection blocks
[2026-05-17 21:01:49,600 | DEBUG]: Successfully colleted local detection blocks
[2026-05-17 21:01:49,602 | DEBUG]: Successfully colleted local detection blocks
[2026-05-17 21:01:49,604 | DEBUG]: Successfully colleted local detection blocks
[2026-05-17 21:01:49,606 | DEBUG]: Successfully colleted local detection blocks
[2026-05-17 21:01:49,625 | DEBUG]: Successfully colleted local detection blocks
[2026-05-17 21:01:49,676 | DEBUG]: Successfully colleted local detection blocks
[2026-05-17 21:01:49,682 | DEBUG]: Successfully colleted local detection blocks
[2026-05-17 21:01:49,723 | DEBUG]: Successfully colleted local detection blocks
[2026-05-17 21:01:49,751 | DEBUG]: Successfully colleted local detection blocks
[2026-05-17 21:01:49,781 | DEBUG]: Successfully colleted local detection blocks
[2026-05-17 21:01:49,783 | DEBUG]: Successfully colleted local detection blocks
[2026-05-17 21:01:49,810 | DEBUG]: Successfully colleted local detection blocks
[2026-05-17 21:01:49,812 | DEBUG]: Successfully colleted local detection blocks
[2026-05-17 21:01:49,853 | DEBUG]: Successfully colleted local detection blocks
[2026-05-17 21:01:49,885 | DEBUG]: Successfully colleted local detection blocks
[2026-05-17 21:01:49,916 | DEBUG]: Successfully colleted local detection blocks
[2026-05-17 21:01:49,917 | DEBUG]: Successfully colleted local detection blocks
[2026-05-17 21:01:49,920 | DEBUG]: Successfully colleted local detection blocks
[2026-05-17 21:01:49,922 | DEBUG]: Successfully colleted local detection blocks
[2026-05-17 21:01:49,969 | DEBUG]: Successfully colleted local detection blocks
[2026-05-17 21:01:49,978 | DEBUG]: Successfully colleted local detection blocks
[2026-05-17 21:01:50,003 | DEBUG]: Successfully colleted local detection blocks
[2026-05-17 21:01:50,033 | DEBUG]: Successfully colleted local detection blocks
[2026-05-17 21:01:50,068 | DEBUG]: Successfully colleted local detection blocks
[2026-05-17 21:01:50,070 | DEBUG]: Successfully colleted local detection blocks
[2026-05-17 21:01:50,104 | DEBUG]: Successfully colleted local detection blocks
[2026-05-17 21:01:50,129 | DEBUG]: Successfully colleted local detection blocks
[2026-05-17 21:01:50,131 | DEBUG]: Successfully colleted local detection blocks
[2026-05-17 21:01:50,153 | DEBUG]: Successfully colleted local detection blocks
[2026-05-17 21:01:50,169 | DEBUG]: Successfully colleted local detection blocks
[2026-05-17 21:01:50,193 | DEBUG]: Successfully colleted local detection blocks
[2026-05-17 21:01:50,258 | DEBUG]: Successfully colleted local detection blocks
[2026-05-17 21:01:50,260 | DEBUG]: Successfully colleted local detection blocks
[2026-05-17 21:01:50,264 | DEBUG]: Successfully colleted local detection blocks
[2026-05-17 21:01:50,290 | DEBUG]: Successfully colleted local detection blocks
[2026-05-17 21:01:50,300 | DEBUG]: Successfully colleted local detection blocks
[2026-05-17 21:01:50,319 | DEBUG]: Successfully colleted local detection blocks
[2026-05-17 21:01:50,321 | DEBUG]: Successfully colleted local detection blocks
[2026-05-17 21:01:50,346 | DEBUG]: Successfully colleted local detection blocks
[2026-05-17 21:01:50,378 | DEBUG]: Successfully colleted local detection blocks
[2026-05-17 21:01:50,439 | DEBUG]: Successfully colleted local detection blocks
[2026-05-17 21:01:50,451 | DEBUG]: Successfully colleted local detection blocks
[2026-05-17 21:01:50,453 | DEBUG]: Successfully colleted local detection blocks
[2026-05-17 21:01:50,473 | DEBUG]: Successfully colleted local detection blocks
[2026-05-17 21:01:50,518 | DEBUG]: Successfully colleted local detection blocks
[2026-05-17 21:01:50,538 | DEBUG]: Successfully colleted local detection blocks
[2026-05-17 21:01:50,539 | DEBUG]: Successfully colleted local detection blocks
[2026-05-17 21:01:50,587 | DEBUG]: Successfully colleted local detection blocks
[2026-05-17 21:01:50,613 | DEBUG]: Successfully colleted local detection blocks
[2026-05-17 21:01:50,634 | DEBUG]: Successfully colleted local detection blocks
[2026-05-17 21:01:50,636 | DEBUG]: Successfully colleted local detection blocks
[2026-05-17 21:01:50,659 | DEBUG]: Successfully colleted local detection blocks
[2026-05-17 21:01:50,661 | DEBUG]: Successfully colleted local detection blocks
[2026-05-17 21:01:50,701 | DEBUG]: Successfully colleted local detection blocks
[2026-05-17 21:01:50,703 | DEBUG]: Successfully colleted local detection blocks
[2026-05-17 21:01:50,729 | DEBUG]: Successfully colleted local detection blocks
[2026-05-17 21:01:50,765 | DEBUG]: Successfully colleted local detection blocks
[2026-05-17 21:01:50,794 | DEBUG]: Successfully colleted local detection blocks
[2026-05-17 21:01:50,796 | DEBUG]: Successfully colleted local detection blocks
[2026-05-17 21:01:50,826 | DEBUG]: Successfully colleted local detection blocks
[2026-05-17 21:01:50,829 | DEBUG]: Successfully colleted local detection blocks
[2026-05-17 21:01:50,860 | DEBUG]: Successfully colleted local detection blocks
[2026-05-17 21:01:50,909 | DEBUG]: Successfully colleted local detection blocks
[2026-05-17 21:01:50,929 | DEBUG]: Successfully colleted local detection blocks
[2026-05-17 21:01:50,954 | DEBUG]: Successfully colleted local detection blocks
[2026-05-17 21:01:50,973 | DEBUG]: Successfully colleted local detection blocks
[2026-05-17 21:01:50,975 | DEBUG]: Successfully colleted local detection blocks
[2026-05-17 21:01:50,977 | DEBUG]: Successfully colleted local detection blocks
[2026-05-17 21:01:50,995 | DEBUG]: Successfully colleted local detection blocks
[2026-05-17 21:01:51,009 | DEBUG]: Successfully colleted local detection blocks
[2026-05-17 21:01:51,064 | DEBUG]: Successfully colleted local detection blocks
[2026-05-17 21:01:51,099 | DEBUG]: Successfully colleted local detection blocks
[2026-05-17 21:01:51,165 | DEBUG]: Successfully colleted local detection blocks
[2026-05-17 21:01:51,173 | DEBUG]: Successfully colleted local detection blocks
[2026-05-17 21:01:51,180 | DEBUG]: Successfully colleted local detection blocks
[2026-05-17 21:01:51,206 | DEBUG]: Successfully colleted local detection blocks
[2026-05-17 21:01:51,208 | DEBUG]: Successfully colleted local detection blocks
[2026-05-17 21:01:51,210 | DEBUG]: Successfully colleted local detection blocks
[2026-05-17 21:01:51,246 | DEBUG]: Successfully colleted local detection blocks
[2026-05-17 21:01:51,278 | DEBUG]: Successfully colleted local detection blocks
[2026-05-17 21:01:51,280 | DEBUG]: Successfully colleted local detection blocks
[2026-05-17 21:01:51,332 | DEBUG]: Successfully colleted local detection blocks
[2026-05-17 21:01:51,341 | DEBUG]: Successfully colleted local detection blocks
[2026-05-17 21:01:51,375 | DEBUG]: Successfully colleted local detection blocks
[2026-05-17 21:01:51,377 | DEBUG]: Successfully colleted local detection blocks
[2026-05-17 21:01:51,405 | DEBUG]: Successfully colleted local detection blocks
[2026-05-17 21:01:51,407 | DEBUG]: Successfully colleted local detection blocks
[2026-05-17 21:01:51,479 | DEBUG]: Successfully colleted local detection blocks
[2026-05-17 21:01:51,484 | DEBUG]: Successfully colleted local detection blocks
[2026-05-17 21:01:51,486 | DEBUG]: Successfully colleted local detection blocks
[2026-05-17 21:01:51,511 | DEBUG]: Successfully colleted local detection blocks
[2026-05-17 21:01:51,567 | DEBUG]: Successfully colleted local detection blocks
[2026-05-17 21:01:51,572 | DEBUG]: Successfully colleted local detection blocks
[2026-05-17 21:01:51,575 | DEBUG]: Successfully colleted local detection blocks
[2026-05-17 21:01:51,577 | DEBUG]: Successfully colleted local detection blocks
[2026-05-17 21:01:51,608 | DEBUG]: Successfully colleted local detection blocks
[2026-05-17 21:01:51,611 | DEBUG]: Successfully colleted local detection blocks
[2026-05-17 21:01:51,649 | DEBUG]: Successfully colleted local detection blocks
[2026-05-17 21:01:51,689 | DEBUG]: Successfully colleted local detection blocks
[2026-05-17 21:01:51,692 | DEBUG]: Successfully colleted local detection blocks
[2026-05-17 21:01:51,708 | DEBUG]: Successfully colleted local detection blocks
[2026-05-17 21:01:51,732 | DEBUG]: Successfully colleted local detection blocks
[2026-05-17 21:01:51,740 | DEBUG]: Successfully colleted local detection blocks
[2026-05-17 21:01:51,772 | DEBUG]: Successfully colleted local detection blocks
[2026-05-17 21:01:51,797 | DEBUG]: Successfully colleted local detection blocks
[2026-05-17 21:01:51,843 | DEBUG]: Successfully colleted local detection blocks
[2026-05-17 21:01:51,858 | DEBUG]: Successfully colleted local detection blocks
[2026-05-17 21:01:51,860 | DEBUG]: Successfully colleted local detection blocks
[2026-05-17 21:01:51,885 | DEBUG]: Successfully colleted local detection blocks
[2026-05-17 21:01:51,893 | DEBUG]: Successfully colleted local detection blocks
[2026-05-17 21:01:51,900 | DEBUG]: Successfully colleted local detection blocks
[2026-05-17 21:01:51,926 | DEBUG]: Successfully colleted local detection blocks
[2026-05-17 21:01:51,958 | DEBUG]: Successfully colleted local detection blocks
[2026-05-17 21:01:51,988 | DEBUG]: Successfully colleted local detection blocks
[2026-05-17 21:01:51,991 | DEBUG]: Successfully colleted local detection blocks
[2026-05-17 21:01:51,993 | DEBUG]: Successfully colleted local detection blocks
[2026-05-17 21:01:52,015 | DEBUG]: Successfully colleted local detection blocks
[2026-05-17 21:01:52,017 | DEBUG]: Successfully colleted local detection blocks
[2026-05-17 21:01:52,044 | DEBUG]: Successfully colleted local detection blocks
[2026-05-17 21:01:52,073 | DEBUG]: Successfully colleted local detection blocks
[2026-05-17 21:01:52,192 | DEBUG]: Successfully colleted local detection blocks
[2026-05-17 21:01:52,208 | DEBUG]: Successfully colleted local detection blocks
[2026-05-17 21:01:52,211 | DEBUG]: Successfully colleted local detection blocks
[2026-05-17 21:01:52,213 | DEBUG]: Successfully colleted local detection blocks
[2026-05-17 21:01:52,226 | DEBUG]: Successfully colleted local detection blocks
[2026-05-17 21:01:52,253 | DEBUG]: Successfully colleted local detection blocks
[2026-05-17 21:01:52,267 | DEBUG]: Successfully colleted local detection blocks
[2026-05-17 21:01:52,270 | DEBUG]: Successfully colleted local detection blocks
[2026-05-17 21:01:52,306 | DEBUG]: Successfully colleted local detection blocks
[2026-05-17 21:01:52,310 | DEBUG]: Successfully colleted local detection blocks
[2026-05-17 21:01:52,388 | DEBUG]: Successfully colleted local detection blocks
[2026-05-17 21:01:52,412 | DEBUG]: Successfully colleted local detection blocks
[2026-05-17 21:01:52,454 | DEBUG]: Successfully colleted local detection blocks
[2026-05-17 21:01:52,487 | DEBUG]: Successfully colleted local detection blocks
[2026-05-17 21:01:52,531 | DEBUG]: Successfully colleted local detection blocks
[2026-05-17 21:01:52,539 | DEBUG]: Successfully colleted local detection blocks
[2026-05-17 21:01:52,564 | DEBUG]: Successfully colleted local detection blocks
[2026-05-17 21:01:52,568 | DEBUG]: Successfully colleted local detection blocks
[2026-05-17 21:01:52,570 | DEBUG]: Successfully colleted local detection blocks
[2026-05-17 21:01:52,573 | DEBUG]: Successfully colleted local detection blocks
[2026-05-17 21:01:52,603 | DEBUG]: Successfully colleted local detection blocks
[2026-05-17 21:01:52,634 | DEBUG]: Successfully colleted local detection blocks
[2026-05-17 21:01:52,695 | DEBUG]: Successfully colleted local detection blocks
[2026-05-17 21:01:52,710 | DEBUG]: Successfully colleted local detection blocks
[2026-05-17 21:01:52,712 | DEBUG]: Successfully colleted local detection blocks
[2026-05-17 21:01:52,813 | DEBUG]: Successfully colleted local detection blocks
[2026-05-17 21:01:52,823 | DEBUG]: Successfully colleted local detection blocks
[2026-05-17 21:01:52,826 | DEBUG]: Successfully colleted local detection blocks
[2026-05-17 21:01:52,866 | DEBUG]: Successfully colleted local detection blocks
[2026-05-17 21:01:52,867 | DEBUG]: Successfully colleted local detection blocks
[2026-05-17 21:01:52,870 | DEBUG]: Successfully colleted local detection blocks
[2026-05-17 21:01:52,915 | DEBUG]: Successfully colleted local detection blocks
[2026-05-17 21:01:52,936 | DEBUG]: Successfully colleted local detection blocks
[2026-05-17 21:01:52,948 | DEBUG]: Successfully colleted local detection blocks
[2026-05-17 21:01:52,967 | DEBUG]: Successfully colleted local detection blocks
[2026-05-17 21:01:52,969 | DEBUG]: Successfully colleted local detection blocks
[2026-05-17 21:01:53,024 | DEBUG]: Successfully colleted local detection blocks
[2026-05-17 21:01:53,034 | DEBUG]: Successfully colleted local detection blocks
[2026-05-17 21:01:53,063 | DEBUG]: Successfully colleted local detection blocks
[2026-05-17 21:01:53,066 | DEBUG]: Successfully colleted local detection blocks
[2026-05-17 21:01:53,068 | DEBUG]: Successfully colleted local detection blocks
[2026-05-17 21:01:53,123 | DEBUG]: Successfully colleted local detection blocks
[2026-05-17 21:01:53,137 | DEBUG]: Successfully colleted local detection blocks
[2026-05-17 21:01:53,191 | DEBUG]: Successfully colleted local detection blocks
[2026-05-17 21:01:53,205 | DEBUG]: Successfully colleted local detection blocks
[2026-05-17 21:01:53,205 | DEBUG]: Successfully colleted local detection blocks
[2026-05-17 21:01:53,207 | DEBUG]: Successfully colleted local detection blocks
[2026-05-17 21:01:53,257 | DEBUG]: Successfully colleted local detection blocks
[2026-05-17 21:01:53,270 | DEBUG]: Successfully colleted local detection blocks
[2026-05-17 21:01:53,297 | DEBUG]: Successfully colleted local detection blocks
[2026-05-17 21:01:53,298 | DEBUG]: Successfully colleted local detection blocks
[2026-05-17 21:01:53,324 | DEBUG]: Successfully colleted local detection blocks
[2026-05-17 21:01:53,358 | DEBUG]: Successfully colleted local detection blocks
[2026-05-17 21:01:53,386 | DEBUG]: Successfully colleted local detection blocks
[2026-05-17 21:01:53,419 | DEBUG]: Successfully colleted local detection blocks
[2026-05-17 21:01:53,431 | DEBUG]: Successfully colleted local detection blocks
[2026-05-17 21:01:53,472 | DEBUG]: Successfully colleted local detection blocks
[2026-05-17 21:01:53,532 | DEBUG]: Successfully colleted local detection blocks
[2026-05-17 21:01:53,542 | DEBUG]: Successfully colleted local detection blocks
[2026-05-17 21:01:53,558 | DEBUG]: Successfully colleted local detection blocks
[2026-05-17 21:01:53,583 | DEBUG]: Successfully colleted local detection blocks
[2026-05-17 21:01:53,585 | DEBUG]: Successfully colleted local detection blocks
[2026-05-17 21:01:53,588 | DEBUG]: Successfully colleted local detection blocks
[2026-05-17 21:01:53,641 | DEBUG]: Successfully colleted local detection blocks
[2026-05-17 21:01:53,656 | DEBUG]: Successfully colleted local detection blocks
[2026-05-17 21:01:53,695 | DEBUG]: Successfully colleted local detection blocks
[2026-05-17 21:01:53,696 | DEBUG]: Successfully colleted local detection blocks
[2026-05-17 21:01:53,726 | DEBUG]: Successfully colleted local detection blocks
[2026-05-17 21:01:53,729 | DEBUG]: Successfully colleted local detection blocks
[2026-05-17 21:01:53,741 | DEBUG]: Successfully colleted local detection blocks
[2026-05-17 21:01:53,771 | DEBUG]: Successfully colleted local detection blocks
[2026-05-17 21:01:53,803 | DEBUG]: Successfully colleted local detection blocks
[2026-05-17 21:01:53,808 | DEBUG]: Successfully colleted local detection blocks
[2026-05-17 21:01:53,853 | DEBUG]: Successfully colleted local detection blocks
[2026-05-17 21:01:53,874 | DEBUG]: Successfully colleted local detection blocks
[2026-05-17 21:01:53,902 | DEBUG]: Successfully colleted local detection blocks
[2026-05-17 21:01:53,904 | DEBUG]: Successfully colleted local detection blocks
[2026-05-17 21:01:53,936 | DEBUG]: Successfully colleted local detection blocks
[2026-05-17 21:01:53,968 | DEBUG]: Successfully colleted local detection blocks
[2026-05-17 21:01:53,988 | DEBUG]: Successfully colleted local detection blocks
[2026-05-17 21:01:54,001 | DEBUG]: Successfully colleted local detection blocks
[2026-05-17 21:01:54,026 | DEBUG]: Successfully colleted local detection blocks
[2026-05-17 21:01:54,034 | DEBUG]: Successfully colleted local detection blocks
[2026-05-17 21:01:54,056 | DEBUG]: Successfully colleted local detection blocks
[2026-05-17 21:01:54,110 | DEBUG]: Successfully colleted local detection blocks
[2026-05-17 21:01:54,144 | DEBUG]: Successfully colleted local detection blocks
[2026-05-17 21:01:54,156 | DEBUG]: Successfully colleted local detection blocks
[2026-05-17 21:01:54,172 | DEBUG]: Successfully colleted local detection blocks
[2026-05-17 21:01:54,198 | DEBUG]: Successfully colleted local detection blocks
[2026-05-17 21:01:54,201 | DEBUG]: Successfully colleted local detection blocks
[2026-05-17 21:01:54,235 | DEBUG]: Successfully colleted local detection blocks
[2026-05-17 21:01:54,238 | DEBUG]: Successfully colleted local detection blocks
[2026-05-17 21:01:54,280 | DEBUG]: Successfully colleted local detection blocks
[2026-05-17 21:01:54,291 | DEBUG]: Successfully colleted local detection blocks
[2026-05-17 21:01:54,330 | DEBUG]: Successfully colleted local detection blocks
[2026-05-17 21:01:54,375 | DEBUG]: Successfully colleted local detection blocks
[2026-05-17 21:01:54,392 | DEBUG]: Successfully colleted local detection blocks
[2026-05-17 21:01:54,410 | DEBUG]: Successfully colleted local detection blocks
[2026-05-17 21:01:54,417 | DEBUG]: Successfully colleted local detection blocks
[2026-05-17 21:01:54,443 | DEBUG]: Successfully colleted local detection blocks
[2026-05-17 21:01:54,445 | DEBUG]: Successfully colleted local detection blocks
[2026-05-17 21:01:54,501 | DEBUG]: Successfully colleted local detection blocks
[2026-05-17 21:01:54,509 | DEBUG]: Successfully colleted local detection blocks
[2026-05-17 21:01:54,525 | DEBUG]: Successfully colleted local detection blocks
[2026-05-17 21:01:54,531 | DEBUG]: Successfully colleted local detection blocks
[2026-05-17 21:01:54,590 | DEBUG]: Successfully colleted local detection blocks
[2026-05-17 21:01:54,615 | DEBUG]: Successfully colleted local detection blocks
[2026-05-17 21:01:54,649 | DEBUG]: Successfully colleted local detection blocks
[2026-05-17 21:01:54,657 | DEBUG]: Successfully colleted local detection blocks
[2026-05-17 21:01:54,659 | DEBUG]: Successfully colleted local detection blocks
[2026-05-17 21:01:54,661 | DEBUG]: Successfully colleted local detection blocks
[2026-05-17 21:01:54,687 | DEBUG]: Successfully colleted local detection blocks
[2026-05-17 21:01:54,728 | DEBUG]: Successfully colleted local detection blocks
[2026-05-17 21:01:54,757 | DEBUG]: Successfully colleted local detection blocks
[2026-05-17 21:01:54,777 | DEBUG]: Successfully colleted local detection blocks
[2026-05-17 21:01:54,859 | DEBUG]: Successfully colleted local detection blocks
[2026-05-17 21:01:54,868 | DEBUG]: Successfully colleted local detection blocks
[2026-05-17 21:01:54,871 | DEBUG]: Successfully colleted local detection blocks
[2026-05-17 21:01:54,872 | DEBUG]: Successfully colleted local detection blocks
[2026-05-17 21:01:54,874 | DEBUG]: Successfully colleted local detection blocks
[2026-05-17 21:01:54,905 | DEBUG]: Successfully colleted local detection blocks
[2026-05-17 21:01:54,936 | DEBUG]: Successfully colleted local detection blocks
[2026-05-17 21:01:54,972 | DEBUG]: Successfully colleted local detection blocks
[2026-05-17 21:01:55,002 | DEBUG]: Successfully colleted local detection blocks
[2026-05-17 21:01:55,011 | DEBUG]: Successfully colleted local detection blocks
[2026-05-17 21:01:55,047 | DEBUG]: Successfully colleted local detection blocks
[2026-05-17 21:01:55,050 | DEBUG]: Successfully colleted local detection blocks
[2026-05-17 21:01:55,127 | DEBUG]: Successfully colleted local detection blocks
[2026-05-17 21:01:55,150 | DEBUG]: Successfully colleted local detection blocks
[2026-05-17 21:01:55,152 | DEBUG]: Successfully colleted local detection blocks
[2026-05-17 21:01:55,154 | DEBUG]: Successfully colleted local detection blocks
[2026-05-17 21:01:55,172 | DEBUG]: Successfully colleted local detection blocks
[2026-05-17 21:01:55,225 | DEBUG]: Successfully colleted local detection blocks
[2026-05-17 21:01:55,242 | DEBUG]: Successfully colleted local detection blocks
[2026-05-17 21:01:55,244 | DEBUG]: Successfully colleted local detection blocks
[2026-05-17 21:01:55,268 | DEBUG]: Successfully colleted local detection blocks
[2026-05-17 21:01:55,327 | DEBUG]: Successfully colleted local detection blocks
[2026-05-17 21:01:55,337 | DEBUG]: Successfully colleted local detection blocks
[2026-05-17 21:01:55,367 | DEBUG]: Successfully colleted local detection blocks
[2026-05-17 21:01:55,384 | DEBUG]: Successfully colleted local detection blocks
[2026-05-17 21:01:55,407 | DEBUG]: Successfully colleted local detection blocks
[2026-05-17 21:01:55,409 | DEBUG]: Successfully colleted local detection blocks
[2026-05-17 21:01:55,411 | DEBUG]: Successfully colleted local detection blocks
[2026-05-17 21:01:55,443 | DEBUG]: Successfully colleted local detection blocks
[2026-05-17 21:01:55,471 | DEBUG]: Successfully colleted local detection blocks
[2026-05-17 21:01:55,529 | DEBUG]: Successfully colleted local detection blocks
[2026-05-17 21:01:55,532 | DEBUG]: Successfully colleted local detection blocks
[2026-05-17 21:01:55,559 | DEBUG]: Successfully colleted local detection blocks
[2026-05-17 21:01:55,568 | DEBUG]: Successfully colleted local detection blocks
[2026-05-17 21:01:55,592 | DEBUG]: Successfully colleted local detection blocks
[2026-05-17 21:01:55,619 | DEBUG]: Successfully colleted local detection blocks
[2026-05-17 21:01:55,682 | DEBUG]: Successfully colleted local detection blocks
[2026-05-17 21:01:55,701 | DEBUG]: Successfully colleted local detection blocks
[2026-05-17 21:01:55,721 | DEBUG]: Successfully colleted local detection blocks
[2026-05-17 21:01:55,735 | DEBUG]: Successfully colleted local detection blocks
[2026-05-17 21:01:55,737 | DEBUG]: Successfully colleted local detection blocks
[2026-05-17 21:01:55,791 | DEBUG]: Successfully colleted local detection blocks
[2026-05-17 21:01:55,805 | DEBUG]: Successfully colleted local detection blocks
[2026-05-17 21:01:55,806 | DEBUG]: Successfully colleted local detection blocks
[2026-05-17 21:01:55,809 | DEBUG]: Successfully colleted local detection blocks
[2026-05-17 21:01:55,861 | DEBUG]: Successfully colleted local detection blocks
[2026-05-17 21:01:55,876 | DEBUG]: Successfully colleted local detection blocks
[2026-05-17 21:01:55,904 | DEBUG]: Successfully colleted local detection blocks
[2026-05-17 21:01:55,906 | DEBUG]: Successfully colleted local detection blocks
[2026-05-17 21:01:55,961 | DEBUG]: Successfully colleted local detection blocks
[2026-05-17 21:01:55,972 | DEBUG]: Successfully colleted local detection blocks
[2026-05-17 21:01:56,000 | DEBUG]: Successfully colleted local detection blocks
[2026-05-17 21:01:56,026 | DEBUG]: Successfully colleted local detection blocks
[2026-05-17 21:01:56,028 | DEBUG]: Successfully colleted local detection blocks
[2026-05-17 21:01:56,042 | DEBUG]: Successfully colleted local detection blocks
[2026-05-17 21:01:56,060 | DEBUG]: Successfully colleted local detection blocks
[2026-05-17 21:01:56,106 | DEBUG]: Successfully colleted local detection blocks
[2026-05-17 21:01:56,121 | DEBUG]: Successfully colleted local detection blocks
[2026-05-17 21:01:56,150 | DEBUG]: Successfully colleted local detection blocks
[2026-05-17 21:01:56,160 | DEBUG]: Successfully colleted local detection blocks
[2026-05-17 21:01:56,162 | DEBUG]: Successfully colleted local detection blocks
[2026-05-17 21:01:56,190 | DEBUG]: Successfully colleted local detection blocks
[2026-05-17 21:01:56,219 | DEBUG]: Successfully colleted local detection blocks
[2026-05-17 21:01:56,266 | DEBUG]: Successfully colleted local detection blocks
[2026-05-17 21:01:56,283 | DEBUG]: Successfully colleted local detection blocks
[2026-05-17 21:01:56,284 | DEBUG]: Successfully colleted local detection blocks
[2026-05-17 21:01:56,286 | DEBUG]: Successfully colleted local detection blocks
[2026-05-17 21:01:56,344 | DEBUG]: Successfully colleted local detection blocks
[2026-05-17 21:01:56,398 | DEBUG]: Successfully colleted local detection blocks
[2026-05-17 21:01:56,402 | DEBUG]: Successfully colleted local detection blocks
[2026-05-17 21:01:56,427 | DEBUG]: Successfully colleted local detection blocks
[2026-05-17 21:01:56,435 | DEBUG]: Successfully colleted local detection blocks
[2026-05-17 21:01:56,503 | DEBUG]: Successfully colleted local detection blocks
[2026-05-17 21:01:56,516 | DEBUG]: Successfully colleted local detection blocks
[2026-05-17 21:01:56,519 | DEBUG]: Successfully colleted local detection blocks
[2026-05-17 21:01:56,551 | DEBUG]: Successfully colleted local detection blocks
[2026-05-17 21:01:56,554 | DEBUG]: Successfully colleted local detection blocks
[2026-05-17 21:01:56,556 | DEBUG]: Successfully colleted local detection blocks
[2026-05-17 21:01:56,604 | DEBUG]: Successfully colleted local detection blocks
[2026-05-17 21:01:56,620 | DEBUG]: Successfully colleted local detection blocks
[2026-05-17 21:01:56,671 | DEBUG]: Successfully colleted local detection blocks
[2026-05-17 21:01:56,679 | DEBUG]: Successfully colleted local detection blocks
[2026-05-17 21:01:56,721 | DEBUG]: Successfully colleted local detection blocks
[2026-05-17 21:01:56,783 | DEBUG]: Successfully colleted local detection blocks
[2026-05-17 21:01:56,791 | DEBUG]: Successfully colleted local detection blocks
[2026-05-17 21:01:56,797 | DEBUG]: Successfully colleted local detection blocks
[2026-05-17 21:01:56,800 | DEBUG]: Successfully colleted local detection blocks
[2026-05-17 21:01:56,802 | DEBUG]: Successfully colleted local detection blocks
[2026-05-17 21:01:56,838 | DEBUG]: Successfully colleted local detection blocks
[2026-05-17 21:01:56,874 | DEBUG]: Successfully colleted local detection blocks
[2026-05-17 21:01:56,898 | DEBUG]: Successfully colleted local detection blocks
[2026-05-17 21:01:56,951 | DEBUG]: Successfully colleted local detection blocks
[2026-05-17 21:01:56,953 | DEBUG]: Successfully colleted local detection blocks
[2026-05-17 21:01:56,975 | DEBUG]: Successfully colleted local detection blocks
[2026-05-17 21:01:57,012 | DEBUG]: Successfully colleted local detection blocks
[2026-05-17 21:01:57,017 | DEBUG]: Successfully colleted local detection blocks
[2026-05-17 21:01:57,052 | DEBUG]: Successfully colleted local detection blocks
[2026-05-17 21:01:57,073 | DEBUG]: Successfully colleted local detection blocks
[2026-05-17 21:01:57,080 | DEBUG]: Successfully colleted local detection blocks
[2026-05-17 21:01:57,083 | DEBUG]: Successfully colleted local detection blocks
[2026-05-17 21:01:57,165 | DEBUG]: Successfully colleted local detection blocks
[2026-05-17 21:01:57,169 | DEBUG]: Successfully colleted local detection blocks
[2026-05-17 21:01:57,188 | DEBUG]: Successfully colleted local detection blocks
[2026-05-17 21:01:57,212 | DEBUG]: Successfully colleted local detection blocks
[2026-05-17 21:01:57,225 | DEBUG]: Successfully colleted local detection blocks
[2026-05-17 21:01:57,253 | DEBUG]: Successfully colleted local detection blocks
[2026-05-17 21:01:57,324 | DEBUG]: Successfully colleted local detection blocks
[2026-05-17 21:01:57,327 | DEBUG]: Successfully colleted local detection blocks
[2026-05-17 21:01:57,355 | DEBUG]: Successfully colleted local detection blocks
[2026-05-17 21:01:57,357 | DEBUG]: Successfully colleted local detection blocks
[2026-05-17 21:01:57,417 | DEBUG]: Successfully colleted local detection blocks
[2026-05-17 21:01:57,420 | DEBUG]: Successfully colleted local detection blocks
[2026-05-17 21:01:57,425 | DEBUG]: Successfully colleted local detection blocks
[2026-05-17 21:01:57,460 | DEBUG]: Successfully colleted local detection blocks
[2026-05-17 21:01:57,477 | DEBUG]: Successfully colleted local detection blocks
[2026-05-17 21:01:57,504 | DEBUG]: Successfully colleted local detection blocks
[2026-05-17 21:01:57,519 | DEBUG]: Successfully colleted local detection blocks
[2026-05-17 21:01:57,554 | DEBUG]: Successfully colleted local detection blocks
[2026-05-17 21:01:57,556 | DEBUG]: Successfully colleted local detection blocks
[2026-05-17 21:01:57,566 | DEBUG]: Successfully colleted local detection blocks
[2026-05-17 21:01:57,584 | DEBUG]: Successfully colleted local detection blocks
[2026-05-17 21:01:57,630 | DEBUG]: Successfully colleted local detection blocks
[2026-05-17 21:01:57,638 | DEBUG]: Successfully colleted local detection blocks
[2026-05-17 21:01:57,657 | DEBUG]: Successfully colleted local detection blocks
[2026-05-17 21:01:57,716 | DEBUG]: Successfully colleted local detection blocks
[2026-05-17 21:01:57,766 | DEBUG]: Successfully colleted local detection blocks
[2026-05-17 21:01:57,768 | DEBUG]: Successfully colleted local detection blocks
[2026-05-17 21:01:57,774 | DEBUG]: Successfully colleted local detection blocks
[2026-05-17 21:01:57,776 | DEBUG]: Successfully colleted local detection blocks
[2026-05-17 21:01:57,802 | DEBUG]: Successfully colleted local detection blocks
[2026-05-17 21:01:57,842 | DEBUG]: Successfully colleted local detection blocks
[2026-05-17 21:01:57,851 | DEBUG]: Successfully colleted local detection blocks
[2026-05-17 21:01:57,853 | DEBUG]: Successfully colleted local detection blocks
[2026-05-17 21:01:57,887 | DEBUG]: Successfully colleted local detection blocks
[2026-05-17 21:01:57,896 | DEBUG]: Successfully colleted local detection blocks
[2026-05-17 21:01:57,899 | DEBUG]: Successfully colleted local detection blocks
[2026-05-17 21:01:57,942 | DEBUG]: Successfully colleted local detection blocks
[2026-05-17 21:01:57,982 | DEBUG]: Successfully colleted local detection blocks
[2026-05-17 21:01:58,017 | DEBUG]: Successfully colleted local detection blocks
[2026-05-17 21:01:58,041 | DEBUG]: Successfully colleted local detection blocks
[2026-05-17 21:01:58,043 | DEBUG]: Successfully colleted local detection blocks
[2026-05-17 21:01:58,045 | DEBUG]: Successfully colleted local detection blocks
[2026-05-17 21:01:58,096 | DEBUG]: Successfully colleted local detection blocks
[2026-05-17 21:01:58,148 | DEBUG]: Successfully colleted local detection blocks
[2026-05-17 21:01:58,149 | DEBUG]: Successfully colleted local detection blocks
[2026-05-17 21:01:58,164 | DEBUG]: Successfully colleted local detection blocks
[2026-05-17 21:01:58,176 | DEBUG]: Successfully colleted local detection blocks
[2026-05-17 21:01:58,213 | DEBUG]: Successfully colleted local detection blocks
[2026-05-17 21:01:58,216 | DEBUG]: Successfully colleted local detection blocks
[2026-05-17 21:01:58,218 | DEBUG]: Successfully colleted local detection blocks
[2026-05-17 21:01:58,221 | DEBUG]: Successfully colleted local detection blocks
[2026-05-17 21:01:58,224 | DEBUG]: Successfully colleted local detection blocks
[2026-05-17 21:01:58,248 | DEBUG]: Successfully colleted local detection blocks
[2026-05-17 21:01:58,292 | DEBUG]: Successfully colleted local detection blocks
[2026-05-17 21:01:58,318 | DEBUG]: Successfully colleted local detection blocks
[2026-05-17 21:01:58,338 | DEBUG]: Successfully colleted local detection blocks
[2026-05-17 21:01:58,374 | DEBUG]: Successfully colleted local detection blocks
[2026-05-17 21:01:58,413 | DEBUG]: Successfully colleted local detection blocks
[2026-05-17 21:01:58,463 | DEBUG]: Successfully colleted local detection blocks
[2026-05-17 21:01:58,481 | DEBUG]: Successfully colleted local detection blocks
[2026-05-17 21:01:58,483 | DEBUG]: Successfully colleted local detection blocks
[2026-05-17 21:01:58,522 | DEBUG]: Successfully colleted local detection blocks
[2026-05-17 21:01:58,524 | DEBUG]: Successfully colleted local detection blocks
[2026-05-17 21:01:58,526 | DEBUG]: Successfully colleted local detection blocks
[2026-05-17 21:01:58,558 | DEBUG]: Successfully colleted local detection blocks
[2026-05-17 21:01:58,601 | DEBUG]: Successfully colleted local detection blocks
[2026-05-17 21:01:58,624 | DEBUG]: Successfully colleted local detection blocks
[2026-05-17 21:01:58,625 | DEBUG]: Successfully colleted local detection blocks
[2026-05-17 21:01:58,656 | DEBUG]: Successfully colleted local detection blocks
[2026-05-17 21:01:58,687 | DEBUG]: Successfully colleted local detection blocks
[2026-05-17 21:01:58,690 | DEBUG]: Successfully colleted local detection blocks
[2026-05-17 21:01:58,692 | DEBUG]: Successfully colleted local detection blocks
[2026-05-17 21:01:58,713 | DEBUG]: Successfully colleted local detection blocks
[2026-05-17 21:01:58,752 | DEBUG]: Successfully colleted local detection blocks
[2026-05-17 21:01:58,815 | DEBUG]: Successfully colleted local detection blocks
[2026-05-17 21:01:58,824 | DEBUG]: Successfully colleted local detection blocks
[2026-05-17 21:01:58,864 | DEBUG]: Successfully colleted local detection blocks
[2026-05-17 21:01:58,897 | DEBUG]: Successfully colleted local detection blocks
[2026-05-17 21:01:58,900 | DEBUG]: Successfully colleted local detection blocks
[2026-05-17 21:01:58,902 | DEBUG]: Successfully colleted local detection blocks
[2026-05-17 21:01:58,904 | DEBUG]: Successfully colleted local detection blocks
[2026-05-17 21:01:58,935 | DEBUG]: Successfully colleted local detection blocks
[2026-05-17 21:01:58,977 | DEBUG]: Successfully colleted local detection blocks
[2026-05-17 21:01:59,002 | DEBUG]: Successfully colleted local detection blocks
[2026-05-17 21:01:59,069 | DEBUG]: Successfully colleted local detection blocks
[2026-05-17 21:01:59,091 | DEBUG]: Successfully colleted local detection blocks
[2026-05-17 21:01:59,128 | DEBUG]: Successfully colleted local detection blocks
[2026-05-17 21:01:59,145 | DEBUG]: Successfully colleted local detection blocks
[2026-05-17 21:01:59,156 | DEBUG]: Successfully colleted local detection blocks
[2026-05-17 21:01:59,191 | DEBUG]: Successfully colleted local detection blocks
[2026-05-17 21:01:59,204 | DEBUG]: Successfully colleted local detection blocks
[2026-05-17 21:01:59,206 | DEBUG]: Successfully colleted local detection blocks
[2026-05-17 21:01:59,249 | DEBUG]: Successfully colleted local detection blocks
[2026-05-17 21:01:59,252 | DEBUG]: Successfully colleted local detection blocks
[2026-05-17 21:01:59,283 | DEBUG]: Successfully colleted local detection blocks
[2026-05-17 21:01:59,285 | DEBUG]: Successfully colleted local detection blocks
[2026-05-17 21:01:59,314 | DEBUG]: Successfully colleted local detection blocks
[2026-05-17 21:01:59,316 | DEBUG]: Successfully colleted local detection blocks
[2026-05-17 21:01:59,369 | DEBUG]: Successfully colleted local detection blocks
[2026-05-17 21:01:59,393 | DEBUG]: Successfully colleted local detection blocks
[2026-05-17 21:01:59,406 | DEBUG]: Successfully colleted local detection blocks
[2026-05-17 21:01:59,408 | DEBUG]: Successfully colleted local detection blocks
[2026-05-17 21:01:59,496 | DEBUG]: Successfully colleted local detection blocks
[2026-05-17 21:01:59,521 | DEBUG]: Successfully colleted local detection blocks
[2026-05-17 21:01:59,540 | DEBUG]: Successfully colleted local detection blocks
[2026-05-17 21:01:59,560 | DEBUG]: Successfully colleted local detection blocks
[2026-05-17 21:01:59,582 | DEBUG]: Successfully colleted local detection blocks
[2026-05-17 21:01:59,663 | DEBUG]: Successfully colleted local detection blocks
[2026-05-17 21:01:59,680 | DEBUG]: Successfully colleted local detection blocks
[2026-05-17 21:01:59,684 | DEBUG]: Successfully colleted local detection blocks
[2026-05-17 21:01:59,687 | DEBUG]: Successfully colleted local detection blocks
[2026-05-17 21:01:59,732 | DEBUG]: Successfully colleted local detection blocks
[2026-05-17 21:01:59,768 | DEBUG]: Successfully colleted local detection blocks
[2026-05-17 21:01:59,777 | DEBUG]: Successfully colleted local detection blocks
[2026-05-17 21:01:59,830 | DEBUG]: Successfully colleted local detection blocks
[2026-05-17 21:01:59,868 | DEBUG]: Successfully colleted local detection blocks
[2026-05-17 21:01:59,885 | DEBUG]: Successfully colleted local detection blocks
[2026-05-17 21:01:59,887 | DEBUG]: Successfully colleted local detection blocks
[2026-05-17 21:01:59,920 | DEBUG]: Successfully colleted local detection blocks
[2026-05-17 21:01:59,935 | DEBUG]: Successfully colleted local detection blocks
[2026-05-17 21:01:59,960 | DEBUG]: Successfully colleted local detection blocks
[2026-05-17 21:01:59,962 | DEBUG]: Successfully colleted local detection blocks
[2026-05-17 21:01:59,964 | DEBUG]: Successfully colleted local detection blocks
[2026-05-17 21:01:59,996 | DEBUG]: Successfully colleted local detection blocks
[2026-05-17 21:02:00,006 | DEBUG]: Successfully colleted local detection blocks
[2026-05-17 21:02:00,042 | DEBUG]: Successfully colleted local detection blocks
[2026-05-17 21:02:00,085 | DEBUG]: Successfully colleted local detection blocks
[2026-05-17 21:02:00,099 | DEBUG]: Successfully colleted local detection blocks
[2026-05-17 21:02:00,100 | DEBUG]: Successfully colleted local detection blocks
[2026-05-17 21:02:00,160 | DEBUG]: Successfully colleted local detection blocks
[2026-05-17 21:02:00,179 | DEBUG]: Successfully colleted local detection blocks
[2026-05-17 21:02:00,202 | DEBUG]: Successfully colleted local detection blocks
[2026-05-17 21:02:00,220 | DEBUG]: Successfully colleted local detection blocks
[2026-05-17 21:02:00,252 | DEBUG]: Successfully colleted local detection blocks
[2026-05-17 21:02:00,259 | DEBUG]: Successfully colleted local detection blocks
[2026-05-17 21:02:00,296 | DEBUG]: Successfully colleted local detection blocks
[2026-05-17 21:02:00,298 | DEBUG]: Successfully colleted local detection blocks
[2026-05-17 21:02:00,301 | DEBUG]: Successfully colleted local detection blocks
[2026-05-17 21:02:00,330 | DEBUG]: Successfully colleted local detection blocks
[2026-05-17 21:02:00,336 | DEBUG]: Successfully colleted local detection blocks
[2026-05-17 21:02:00,387 | DEBUG]: Successfully colleted local detection blocks
[2026-05-17 21:02:00,397 | DEBUG]: Successfully colleted local detection blocks
[2026-05-17 21:02:00,447 | DEBUG]: Successfully colleted local detection blocks
[2026-05-17 21:02:00,455 | DEBUG]: Successfully colleted local detection blocks
[2026-05-17 21:02:00,482 | DEBUG]: Successfully colleted local detection blocks
[2026-05-17 21:02:00,487 | DEBUG]: Successfully colleted local detection blocks
[2026-05-17 21:02:00,513 | DEBUG]: Successfully colleted local detection blocks
[2026-05-17 21:02:00,527 | DEBUG]: Successfully colleted local detection blocks
[2026-05-17 21:02:00,554 | DEBUG]: Successfully colleted local detection blocks
[2026-05-17 21:02:00,590 | DEBUG]: Successfully colleted local detection blocks
[2026-05-17 21:02:00,596 | DEBUG]: Successfully colleted local detection blocks
[2026-05-17 21:02:00,635 | DEBUG]: Successfully colleted local detection blocks
[2026-05-17 21:02:00,653 | DEBUG]: Successfully colleted local detection blocks
[2026-05-17 21:02:00,715 | DEBUG]: Successfully colleted local detection blocks
[2026-05-17 21:02:00,758 | DEBUG]: Successfully colleted local detection blocks
[2026-05-17 21:02:00,761 | DEBUG]: Successfully colleted local detection blocks
[2026-05-17 21:02:00,779 | DEBUG]: Successfully colleted local detection blocks
[2026-05-17 21:02:00,782 | DEBUG]: Successfully colleted local detection blocks
[2026-05-17 21:02:00,784 | DEBUG]: Successfully colleted local detection blocks
[2026-05-17 21:02:00,787 | DEBUG]: Successfully colleted local detection blocks
[2026-05-17 21:02:00,812 | DEBUG]: Successfully colleted local detection blocks
[2026-05-17 21:02:00,813 | DEBUG]: Successfully colleted local detection blocks
[2026-05-17 21:02:00,832 | DEBUG]: Successfully colleted local detection blocks
[2026-05-17 21:02:00,864 | DEBUG]: Successfully colleted local detection blocks
[2026-05-17 21:02:00,904 | DEBUG]: Successfully colleted local detection blocks
[2026-05-17 21:02:00,906 | DEBUG]: Successfully colleted local detection blocks
[2026-05-17 21:02:00,908 | DEBUG]: Successfully colleted local detection blocks
[2026-05-17 21:02:00,973 | DEBUG]: Successfully colleted local detection blocks
[2026-05-17 21:02:00,981 | DEBUG]: Successfully colleted local detection blocks
[2026-05-17 21:02:01,000 | DEBUG]: Successfully colleted local detection blocks
[2026-05-17 21:02:01,034 | DEBUG]: Successfully colleted local detection blocks
[2026-05-17 21:02:01,037 | DEBUG]: Successfully colleted local detection blocks
[2026-05-17 21:02:01,081 | DEBUG]: Successfully colleted local detection blocks
[2026-05-17 21:02:01,103 | DEBUG]: Successfully colleted local detection blocks
[2026-05-17 21:02:01,118 | DEBUG]: Successfully colleted local detection blocks
[2026-05-17 21:02:01,173 | DEBUG]: Successfully colleted local detection blocks
[2026-05-17 21:02:01,180 | DEBUG]: Successfully colleted local detection blocks
[2026-05-17 21:02:01,194 | DEBUG]: Successfully colleted local detection blocks
[2026-05-17 21:02:01,246 | DEBUG]: Successfully colleted local detection blocks
[2026-05-17 21:02:01,279 | DEBUG]: Successfully colleted local detection blocks
[2026-05-17 21:02:01,287 | DEBUG]: Successfully colleted local detection blocks
[2026-05-17 21:02:01,312 | DEBUG]: Successfully colleted local detection blocks
[2026-05-17 21:02:01,326 | DEBUG]: Successfully colleted local detection blocks
[2026-05-17 21:02:01,356 | DEBUG]: Successfully colleted local detection blocks
[2026-05-17 21:02:01,358 | DEBUG]: Successfully colleted local detection blocks
[2026-05-17 21:02:01,360 | DEBUG]: Successfully colleted local detection blocks
[2026-05-17 21:02:01,362 | INFO]: Filter successfully return filtered detected blocks
[2026-05-17 21:02:01,362 | INFO]: Finished filtering...
[2026-05-17 21:02:01,363 | INFO]: Converting detected blocks into json...
[2026-05-17 21:02:01,363 | DEBUG]: Successfully converted into json file
[2026-05-17 21:02:01,364 | INFO]: Converter successfully stored detections in detection20260517210201.json
[2026-05-17 21:02:01,365 | DEBUG]: Deleting: detection20260517201535.json
[2026-05-17 21:02:01,365 | DEBUG]: Deleting: run_20260517195811.log
[2026-05-17 21:02:01,366 | INFO]: Converted to json file (detections)...
[2026-05-17 21:02:01,389 | INFO]: Finished C++ analysis, clustering and converting to json file (findings)...
