[2026-05-17 20:42:36,456 | INFO]: Starting scan...
[2026-05-17 20:42:36,461 | DEBUG]: Verifying radius 32...
[2026-05-17 20:42:38,087 | INFO]: Verified radius 32. Collecting block data...
[2026-05-17 20:42:57,039 | INFO]: Scan successfully completed at radius: 32
[2026-05-17 20:42:57,039 | INFO]: Finished scanning...
[2026-05-17 20:42:57,039 | INFO]: Starting filter...
[2026-05-17 20:42:57,061 | DEBUG]: Successfully colleted local detection blocks
[2026-05-17 20:42:57,067 | DEBUG]: Successfully colleted local detection blocks
[2026-05-17 20:42:57,090 | DEBUG]: Successfully colleted local detection blocks
[2026-05-17 20:42:57,132 | DEBUG]: Successfully colleted local detection blocks
[2026-05-17 20:42:57,171 | DEBUG]: Successfully colleted local detection blocks
[2026-05-17 20:42:57,190 | DEBUG]: Successfully colleted local detection blocks
[2026-05-17 20:42:57,218 | DEBUG]: Successfully colleted local detection blocks
[2026-05-17 20:42:57,255 | DEBUG]: Successfully colleted local detection blocks
[2026-05-17 20:42:57,257 | DEBUG]: Successfully colleted local detection blocks
[2026-05-17 20:42:57,259 | DEBUG]: Successfully colleted local detection blocks
[2026-05-17 20:42:57,260 | DEBUG]: Successfully colleted local detection blocks
[2026-05-17 20:42:57,262 | DEBUG]: Successfully colleted local detection blocks
[2026-05-17 20:42:57,264 | DEBUG]: Successfully colleted local detection blocks
[2026-05-17 20:42:57,265 | DEBUG]: Successfully colleted local detection blocks
[2026-05-17 20:42:57,359 | DEBUG]: Successfully colleted local detection blocks
[2026-05-17 20:42:57,369 | DEBUG]: Successfully colleted local detection blocks
[2026-05-17 20:42:57,392 | DEBUG]: Successfully colleted local detection blocks
[2026-05-17 20:42:57,394 | DEBUG]: Successfully colleted local detection blocks
[2026-05-17 20:42:57,421 | DEBUG]: Successfully colleted local detection blocks
[2026-05-17 20:42:57,447 | DEBUG]: Successfully colleted local detection blocks
[2026-05-17 20:42:57,474 | DEBUG]: Successfully colleted local detection blocks
[2026-05-17 20:42:57,481 | DEBUG]: Successfully colleted local detection blocks
[2026-05-17 20:42:57,482 | DEBUG]: Successfully colleted local detection blocks
[2026-05-17 20:42:57,507 | DEBUG]: Successfully colleted local detection blocks
[2026-05-17 20:42:57,545 | DEBUG]: Successfully colleted local detection blocks
[2026-05-17 20:42:57,574 | DEBUG]: Successfully colleted local detection blocks
[2026-05-17 20:42:57,575 | DEBUG]: Successfully colleted local detection blocks
[2026-05-17 20:42:57,621 | DEBUG]: Successfully colleted local detection blocks
[2026-05-17 20:42:57,636 | DEBUG]: Successfully colleted local detection blocks
[2026-05-17 20:42:57,638 | DEBUG]: Successfully colleted local detection blocks
[2026-05-17 20:42:57,640 | DEBUG]: Successfully colleted local detection blocks
[2026-05-17 20:42:57,641 | DEBUG]: Successfully colleted local detection blocks
[2026-05-17 20:42:57,679 | DEBUG]: Successfully colleted local detection blocks
[2026-05-17 20:42:57,691 | DEBUG]: Successfully colleted local detection blocks
[2026-05-17 20:42:57,720 | DEBUG]: Successfully colleted local detection blocks
[2026-05-17 20:42:57,748 | DEBUG]: Successfully colleted local detection blocks
[2026-05-17 20:42:57,749 | DEBUG]: Successfully colleted local detection blocks
[2026-05-17 20:42:57,789 | DEBUG]: Successfully colleted local detection blocks
[2026-05-17 20:42:57,795 | DEBUG]: Successfully colleted local detection blocks
[2026-05-17 20:42:57,824 | DEBUG]: Successfully colleted local detection blocks
[2026-05-17 20:42:57,849 | DEBUG]: Successfully colleted local detection blocks
[2026-05-17 20:42:57,876 | DEBUG]: Successfully colleted local detection blocks
[2026-05-17 20:42:57,877 | DEBUG]: Successfully colleted local detection blocks
[2026-05-17 20:42:57,880 | DEBUG]: Successfully colleted local detection blocks
[2026-05-17 20:42:57,882 | DEBUG]: Successfully colleted local detection blocks
[2026-05-17 20:42:57,884 | DEBUG]: Successfully colleted local detection blocks
[2026-05-17 20:42:57,924 | DEBUG]: Successfully colleted local detection blocks
[2026-05-17 20:42:57,931 | DEBUG]: Successfully colleted local detection blocks
[2026-05-17 20:42:57,953 | DEBUG]: Successfully colleted local detection blocks
[2026-05-17 20:42:57,975 | DEBUG]: Successfully colleted local detection blocks
[2026-05-17 20:42:58,046 | DEBUG]: Successfully colleted local detection blocks
[2026-05-17 20:42:58,047 | DEBUG]: Successfully colleted local detection blocks
[2026-05-17 20:42:58,059 | DEBUG]: Successfully colleted local detection blocks
[2026-05-17 20:42:58,113 | DEBUG]: Successfully colleted local detection blocks
[2026-05-17 20:42:58,114 | DEBUG]: Successfully colleted local detection blocks
[2026-05-17 20:42:58,121 | DEBUG]: Successfully colleted local detection blocks
[2026-05-17 20:42:58,123 | DEBUG]: Successfully colleted local detection blocks
[2026-05-17 20:42:58,125 | DEBUG]: Successfully colleted local detection blocks
[2026-05-17 20:42:58,126 | DEBUG]: Successfully colleted local detection blocks
[2026-05-17 20:42:58,148 | DEBUG]: Successfully colleted local detection blocks
[2026-05-17 20:42:58,171 | DEBUG]: Successfully colleted local detection blocks
[2026-05-17 20:42:58,192 | DEBUG]: Successfully colleted local detection blocks
[2026-05-17 20:42:58,214 | DEBUG]: Successfully colleted local detection blocks
[2026-05-17 20:42:58,240 | DEBUG]: Successfully colleted local detection blocks
[2026-05-17 20:42:58,264 | DEBUG]: Successfully colleted local detection blocks
[2026-05-17 20:42:58,275 | DEBUG]: Successfully colleted local detection blocks
[2026-05-17 20:42:58,288 | DEBUG]: Successfully colleted local detection blocks
[2026-05-17 20:42:58,290 | DEBUG]: Successfully colleted local detection blocks
[2026-05-17 20:42:58,311 | DEBUG]: Successfully colleted local detection blocks
[2026-05-17 20:42:58,338 | DEBUG]: Successfully colleted local detection blocks
[2026-05-17 20:42:58,361 | DEBUG]: Successfully colleted local detection blocks
[2026-05-17 20:42:58,380 | DEBUG]: Successfully colleted local detection blocks
[2026-05-17 20:42:58,382 | DEBUG]: Successfully colleted local detection blocks
[2026-05-17 20:42:58,409 | DEBUG]: Successfully colleted local detection blocks
[2026-05-17 20:42:58,439 | DEBUG]: Successfully colleted local detection blocks
[2026-05-17 20:42:58,440 | DEBUG]: Successfully colleted local detection blocks
[2026-05-17 20:42:58,469 | DEBUG]: Successfully colleted local detection blocks
[2026-05-17 20:42:58,470 | DEBUG]: Successfully colleted local detection blocks
[2026-05-17 20:42:58,473 | DEBUG]: Successfully colleted local detection blocks
[2026-05-17 20:42:58,503 | DEBUG]: Successfully colleted local detection blocks
[2026-05-17 20:42:58,529 | DEBUG]: Successfully colleted local detection blocks
[2026-05-17 20:42:58,540 | DEBUG]: Successfully colleted local detection blocks
[2026-05-17 20:42:58,554 | DEBUG]: Successfully colleted local detection blocks
[2026-05-17 20:42:58,581 | DEBUG]: Successfully colleted local detection blocks
[2026-05-17 20:42:58,608 | DEBUG]: Successfully colleted local detection blocks
[2026-05-17 20:42:58,610 | DEBUG]: Successfully colleted local detection blocks
[2026-05-17 20:42:58,634 | DEBUG]: Successfully colleted local detection blocks
[2026-05-17 20:42:58,636 | DEBUG]: Successfully colleted local detection blocks
[2026-05-17 20:42:58,639 | DEBUG]: Successfully colleted local detection blocks
[2026-05-17 20:42:58,661 | DEBUG]: Successfully colleted local detection blocks
[2026-05-17 20:42:58,685 | DEBUG]: Successfully colleted local detection blocks
[2026-05-17 20:42:58,725 | DEBUG]: Successfully colleted local detection blocks
[2026-05-17 20:42:58,732 | DEBUG]: Successfully colleted local detection blocks
[2026-05-17 20:42:58,757 | DEBUG]: Successfully colleted local detection blocks
[2026-05-17 20:42:58,784 | DEBUG]: Successfully colleted local detection blocks
[2026-05-17 20:42:58,786 | DEBUG]: Successfully colleted local detection blocks
[2026-05-17 20:42:58,787 | DEBUG]: Successfully colleted local detection blocks
[2026-05-17 20:42:58,828 | DEBUG]: Successfully colleted local detection blocks
[2026-05-17 20:42:58,832 | DEBUG]: Successfully colleted local detection blocks
[2026-05-17 20:42:58,854 | DEBUG]: Successfully colleted local detection blocks
[2026-05-17 20:42:58,882 | DEBUG]: Successfully colleted local detection blocks
[2026-05-17 20:42:58,903 | DEBUG]: Successfully colleted local detection blocks
[2026-05-17 20:42:58,906 | DEBUG]: Successfully colleted local detection blocks
[2026-05-17 20:42:58,929 | DEBUG]: Successfully colleted local detection blocks
[2026-05-17 20:42:58,954 | DEBUG]: Successfully colleted local detection blocks
[2026-05-17 20:42:58,976 | DEBUG]: Successfully colleted local detection blocks
[2026-05-17 20:42:58,977 | DEBUG]: Successfully colleted local detection blocks
[2026-05-17 20:42:58,997 | DEBUG]: Successfully colleted local detection blocks
[2026-05-17 20:42:59,018 | DEBUG]: Successfully colleted local detection blocks
[2026-05-17 20:42:59,063 | DEBUG]: Successfully colleted local detection blocks
[2026-05-17 20:42:59,075 | DEBUG]: Successfully colleted local detection blocks
[2026-05-17 20:42:59,102 | DEBUG]: Successfully colleted local detection blocks
[2026-05-17 20:42:59,104 | DEBUG]: Successfully colleted local detection blocks
[2026-05-17 20:42:59,105 | DEBUG]: Successfully colleted local detection blocks
[2026-05-17 20:42:59,132 | DEBUG]: Successfully colleted local detection blocks
[2026-05-17 20:42:59,152 | DEBUG]: Successfully colleted local detection blocks
[2026-05-17 20:42:59,180 | DEBUG]: Successfully colleted local detection blocks
[2026-05-17 20:42:59,205 | DEBUG]: Successfully colleted local detection blocks
[2026-05-17 20:42:59,233 | DEBUG]: Successfully colleted local detection blocks
[2026-05-17 20:42:59,233 | DEBUG]: Successfully colleted local detection blocks
[2026-05-17 20:42:59,258 | DEBUG]: Successfully colleted local detection blocks
[2026-05-17 20:42:59,284 | DEBUG]: Successfully colleted local detection blocks
[2026-05-17 20:42:59,287 | DEBUG]: Successfully colleted local detection blocks
[2026-05-17 20:42:59,289 | DEBUG]: Successfully colleted local detection blocks
[2026-05-17 20:42:59,352 | DEBUG]: Successfully colleted local detection blocks
[2026-05-17 20:42:59,359 | DEBUG]: Successfully colleted local detection blocks
[2026-05-17 20:42:59,369 | DEBUG]: Successfully colleted local detection blocks
[2026-05-17 20:42:59,410 | DEBUG]: Successfully colleted local detection blocks
[2026-05-17 20:42:59,434 | DEBUG]: Successfully colleted local detection blocks
[2026-05-17 20:42:59,436 | DEBUG]: Successfully colleted local detection blocks
[2026-05-17 20:42:59,466 | DEBUG]: Successfully colleted local detection blocks
[2026-05-17 20:42:59,468 | DEBUG]: Successfully colleted local detection blocks
[2026-05-17 20:42:59,470 | DEBUG]: Successfully colleted local detection blocks
[2026-05-17 20:42:59,494 | DEBUG]: Successfully colleted local detection blocks
[2026-05-17 20:42:59,495 | DEBUG]: Successfully colleted local detection blocks
[2026-05-17 20:42:59,518 | DEBUG]: Successfully colleted local detection blocks
[2026-05-17 20:42:59,555 | DEBUG]: Successfully colleted local detection blocks
[2026-05-17 20:42:59,568 | DEBUG]: Successfully colleted local detection blocks
[2026-05-17 20:42:59,579 | DEBUG]: Successfully colleted local detection blocks
[2026-05-17 20:42:59,605 | DEBUG]: Successfully colleted local detection blocks
[2026-05-17 20:42:59,607 | DEBUG]: Successfully colleted local detection blocks
[2026-05-17 20:42:59,610 | DEBUG]: Successfully colleted local detection blocks
[2026-05-17 20:42:59,627 | DEBUG]: Successfully colleted local detection blocks
[2026-05-17 20:42:59,643 | DEBUG]: Successfully colleted local detection blocks
[2026-05-17 20:42:59,692 | DEBUG]: Successfully colleted local detection blocks
[2026-05-17 20:42:59,698 | DEBUG]: Successfully colleted local detection blocks
[2026-05-17 20:42:59,746 | DEBUG]: Successfully colleted local detection blocks
[2026-05-17 20:42:59,758 | DEBUG]: Successfully colleted local detection blocks
[2026-05-17 20:42:59,777 | DEBUG]: Successfully colleted local detection blocks
[2026-05-17 20:42:59,779 | DEBUG]: Successfully colleted local detection blocks
[2026-05-17 20:42:59,806 | DEBUG]: Successfully colleted local detection blocks
[2026-05-17 20:42:59,808 | DEBUG]: Successfully colleted local detection blocks
[2026-05-17 20:42:59,809 | DEBUG]: Successfully colleted local detection blocks
[2026-05-17 20:42:59,811 | DEBUG]: Successfully colleted local detection blocks
[2026-05-17 20:42:59,833 | DEBUG]: Successfully colleted local detection blocks
[2026-05-17 20:42:59,854 | DEBUG]: Successfully colleted local detection blocks
[2026-05-17 20:42:59,880 | DEBUG]: Successfully colleted local detection blocks
[2026-05-17 20:42:59,902 | DEBUG]: Successfully colleted local detection blocks
[2026-05-17 20:42:59,945 | DEBUG]: Successfully colleted local detection blocks
[2026-05-17 20:42:59,977 | DEBUG]: Successfully colleted local detection blocks
[2026-05-17 20:42:59,987 | DEBUG]: Successfully colleted local detection blocks
[2026-05-17 20:42:59,992 | DEBUG]: Successfully colleted local detection blocks
[2026-05-17 20:42:59,993 | DEBUG]: Successfully colleted local detection blocks
[2026-05-17 20:42:59,995 | DEBUG]: Successfully colleted local detection blocks
[2026-05-17 20:43:00,018 | DEBUG]: Successfully colleted local detection blocks
[2026-05-17 20:43:00,021 | DEBUG]: Successfully colleted local detection blocks
[2026-05-17 20:43:00,048 | DEBUG]: Successfully colleted local detection blocks
[2026-05-17 20:43:00,071 | DEBUG]: Successfully colleted local detection blocks
[2026-05-17 20:43:00,108 | DEBUG]: Successfully colleted local detection blocks
[2026-05-17 20:43:00,126 | DEBUG]: Successfully colleted local detection blocks
[2026-05-17 20:43:00,153 | DEBUG]: Successfully colleted local detection blocks
[2026-05-17 20:43:00,173 | DEBUG]: Successfully colleted local detection blocks
[2026-05-17 20:43:00,209 | DEBUG]: Successfully colleted local detection blocks
[2026-05-17 20:43:00,209 | DEBUG]: Successfully colleted local detection blocks
[2026-05-17 20:43:00,211 | DEBUG]: Successfully colleted local detection blocks
[2026-05-17 20:43:00,213 | DEBUG]: Successfully colleted local detection blocks
[2026-05-17 20:43:00,236 | DEBUG]: Successfully colleted local detection blocks
[2026-05-17 20:43:00,261 | DEBUG]: Successfully colleted local detection blocks
[2026-05-17 20:43:00,306 | DEBUG]: Successfully colleted local detection blocks
[2026-05-17 20:43:00,313 | DEBUG]: Successfully colleted local detection blocks
[2026-05-17 20:43:00,346 | DEBUG]: Successfully colleted local detection blocks
[2026-05-17 20:43:00,374 | DEBUG]: Successfully colleted local detection blocks
[2026-05-17 20:43:00,377 | DEBUG]: Successfully colleted local detection blocks
[2026-05-17 20:43:00,378 | DEBUG]: Successfully colleted local detection blocks
[2026-05-17 20:43:00,381 | DEBUG]: Successfully colleted local detection blocks
[2026-05-17 20:43:00,406 | DEBUG]: Successfully colleted local detection blocks
[2026-05-17 20:43:00,428 | DEBUG]: Successfully colleted local detection blocks
[2026-05-17 20:43:00,457 | DEBUG]: Successfully colleted local detection blocks
[2026-05-17 20:43:00,491 | DEBUG]: Successfully colleted local detection blocks
[2026-05-17 20:43:00,494 | DEBUG]: Successfully colleted local detection blocks
[2026-05-17 20:43:00,496 | DEBUG]: Successfully colleted local detection blocks
[2026-05-17 20:43:00,520 | DEBUG]: Successfully colleted local detection blocks
[2026-05-17 20:43:00,545 | DEBUG]: Successfully colleted local detection blocks
[2026-05-17 20:43:00,617 | DEBUG]: Successfully colleted local detection blocks
[2026-05-17 20:43:00,624 | DEBUG]: Successfully colleted local detection blocks
[2026-05-17 20:43:00,625 | DEBUG]: Successfully colleted local detection blocks
[2026-05-17 20:43:00,627 | DEBUG]: Successfully colleted local detection blocks
[2026-05-17 20:43:00,647 | DEBUG]: Successfully colleted local detection blocks
[2026-05-17 20:43:00,668 | DEBUG]: Successfully colleted local detection blocks
[2026-05-17 20:43:00,714 | DEBUG]: Successfully colleted local detection blocks
[2026-05-17 20:43:00,723 | DEBUG]: Successfully colleted local detection blocks
[2026-05-17 20:43:00,752 | DEBUG]: Successfully colleted local detection blocks
[2026-05-17 20:43:00,754 | DEBUG]: Successfully colleted local detection blocks
[2026-05-17 20:43:00,756 | DEBUG]: Successfully colleted local detection blocks
[2026-05-17 20:43:00,758 | DEBUG]: Successfully colleted local detection blocks
[2026-05-17 20:43:00,780 | DEBUG]: Successfully colleted local detection blocks
[2026-05-17 20:43:00,801 | DEBUG]: Successfully colleted local detection blocks
[2026-05-17 20:43:00,825 | DEBUG]: Successfully colleted local detection blocks
[2026-05-17 20:43:00,879 | DEBUG]: Successfully colleted local detection blocks
[2026-05-17 20:43:00,903 | DEBUG]: Successfully colleted local detection blocks
[2026-05-17 20:43:00,905 | DEBUG]: Successfully colleted local detection blocks
[2026-05-17 20:43:00,927 | DEBUG]: Successfully colleted local detection blocks
[2026-05-17 20:43:00,928 | DEBUG]: Successfully colleted local detection blocks
[2026-05-17 20:43:00,931 | DEBUG]: Successfully colleted local detection blocks
[2026-05-17 20:43:00,953 | DEBUG]: Successfully colleted local detection blocks
[2026-05-17 20:43:00,978 | DEBUG]: Successfully colleted local detection blocks
[2026-05-17 20:43:01,004 | DEBUG]: Successfully colleted local detection blocks
[2026-05-17 20:43:01,028 | DEBUG]: Successfully colleted local detection blocks
[2026-05-17 20:43:01,041 | DEBUG]: Successfully colleted local detection blocks
[2026-05-17 20:43:01,043 | DEBUG]: Successfully colleted local detection blocks
[2026-05-17 20:43:01,070 | DEBUG]: Successfully colleted local detection blocks
[2026-05-17 20:43:01,099 | DEBUG]: Successfully colleted local detection blocks
[2026-05-17 20:43:01,228 | DEBUG]: Successfully colleted local detection blocks
[2026-05-17 20:43:01,229 | DEBUG]: Successfully colleted local detection blocks
[2026-05-17 20:43:01,267 | DEBUG]: Successfully colleted local detection blocks
[2026-05-17 20:43:01,304 | DEBUG]: Successfully colleted local detection blocks
[2026-05-17 20:43:01,306 | DEBUG]: Successfully colleted local detection blocks
[2026-05-17 20:43:01,309 | DEBUG]: Successfully colleted local detection blocks
[2026-05-17 20:43:01,311 | DEBUG]: Successfully colleted local detection blocks
[2026-05-17 20:43:01,369 | DEBUG]: Successfully colleted local detection blocks
[2026-05-17 20:43:01,379 | DEBUG]: Successfully colleted local detection blocks
[2026-05-17 20:43:01,410 | DEBUG]: Successfully colleted local detection blocks
[2026-05-17 20:43:01,455 | DEBUG]: Successfully colleted local detection blocks
[2026-05-17 20:43:01,474 | DEBUG]: Successfully colleted local detection blocks
[2026-05-17 20:43:01,476 | DEBUG]: Successfully colleted local detection blocks
[2026-05-17 20:43:01,531 | DEBUG]: Successfully colleted local detection blocks
[2026-05-17 20:43:01,564 | DEBUG]: Successfully colleted local detection blocks
[2026-05-17 20:43:01,580 | DEBUG]: Successfully colleted local detection blocks
[2026-05-17 20:43:01,597 | DEBUG]: Successfully colleted local detection blocks
[2026-05-17 20:43:01,606 | DEBUG]: Successfully colleted local detection blocks
[2026-05-17 20:43:01,609 | DEBUG]: Successfully colleted local detection blocks
[2026-05-17 20:43:01,611 | DEBUG]: Successfully colleted local detection blocks
[2026-05-17 20:43:01,643 | DEBUG]: Successfully colleted local detection blocks
[2026-05-17 20:43:01,691 | DEBUG]: Successfully colleted local detection blocks
[2026-05-17 20:43:01,701 | DEBUG]: Successfully colleted local detection blocks
[2026-05-17 20:43:01,734 | DEBUG]: Successfully colleted local detection blocks
[2026-05-17 20:43:01,757 | DEBUG]: Successfully colleted local detection blocks
[2026-05-17 20:43:01,759 | DEBUG]: Successfully colleted local detection blocks
[2026-05-17 20:43:01,785 | DEBUG]: Successfully colleted local detection blocks
[2026-05-17 20:43:01,788 | DEBUG]: Successfully colleted local detection blocks
[2026-05-17 20:43:01,815 | DEBUG]: Successfully colleted local detection blocks
[2026-05-17 20:43:01,817 | DEBUG]: Successfully colleted local detection blocks
[2026-05-17 20:43:01,819 | DEBUG]: Successfully colleted local detection blocks
[2026-05-17 20:43:01,843 | DEBUG]: Successfully colleted local detection blocks
[2026-05-17 20:43:01,900 | DEBUG]: Successfully colleted local detection blocks
[2026-05-17 20:43:01,918 | DEBUG]: Successfully colleted local detection blocks
[2026-05-17 20:43:01,922 | DEBUG]: Successfully colleted local detection blocks
[2026-05-17 20:43:01,996 | DEBUG]: Successfully colleted local detection blocks
[2026-05-17 20:43:02,010 | DEBUG]: Successfully colleted local detection blocks
[2026-05-17 20:43:02,012 | DEBUG]: Successfully colleted local detection blocks
[2026-05-17 20:43:02,031 | DEBUG]: Successfully colleted local detection blocks
[2026-05-17 20:43:02,060 | DEBUG]: Successfully colleted local detection blocks
[2026-05-17 20:43:02,086 | DEBUG]: Successfully colleted local detection blocks
[2026-05-17 20:43:02,108 | DEBUG]: Successfully colleted local detection blocks
[2026-05-17 20:43:02,110 | DEBUG]: Successfully colleted local detection blocks
[2026-05-17 20:43:02,112 | DEBUG]: Successfully colleted local detection blocks
[2026-05-17 20:43:02,135 | DEBUG]: Successfully colleted local detection blocks
[2026-05-17 20:43:02,159 | DEBUG]: Successfully colleted local detection blocks
[2026-05-17 20:43:02,186 | DEBUG]: Successfully colleted local detection blocks
[2026-05-17 20:43:02,231 | DEBUG]: Successfully colleted local detection blocks
[2026-05-17 20:43:02,245 | DEBUG]: Successfully colleted local detection blocks
[2026-05-17 20:43:02,246 | DEBUG]: Successfully colleted local detection blocks
[2026-05-17 20:43:02,249 | DEBUG]: Successfully colleted local detection blocks
[2026-05-17 20:43:02,251 | DEBUG]: Successfully colleted local detection blocks
[2026-05-17 20:43:02,277 | DEBUG]: Successfully colleted local detection blocks
[2026-05-17 20:43:02,325 | DEBUG]: Successfully colleted local detection blocks
[2026-05-17 20:43:02,350 | DEBUG]: Successfully colleted local detection blocks
[2026-05-17 20:43:02,359 | DEBUG]: Successfully colleted local detection blocks
[2026-05-17 20:43:02,404 | DEBUG]: Successfully colleted local detection blocks
[2026-05-17 20:43:02,415 | DEBUG]: Successfully colleted local detection blocks
[2026-05-17 20:43:02,417 | DEBUG]: Successfully colleted local detection blocks
[2026-05-17 20:43:02,418 | DEBUG]: Successfully colleted local detection blocks
[2026-05-17 20:43:02,420 | DEBUG]: Successfully colleted local detection blocks
[2026-05-17 20:43:02,443 | DEBUG]: Successfully colleted local detection blocks
[2026-05-17 20:43:02,482 | DEBUG]: Successfully colleted local detection blocks
[2026-05-17 20:43:02,514 | DEBUG]: Successfully colleted local detection blocks
[2026-05-17 20:43:02,532 | DEBUG]: Successfully colleted local detection blocks
[2026-05-17 20:43:02,534 | DEBUG]: Successfully colleted local detection blocks
[2026-05-17 20:43:02,537 | DEBUG]: Successfully colleted local detection blocks
[2026-05-17 20:43:02,578 | DEBUG]: Successfully colleted local detection blocks
[2026-05-17 20:43:02,613 | DEBUG]: Successfully colleted local detection blocks
[2026-05-17 20:43:02,615 | DEBUG]: Successfully colleted local detection blocks
[2026-05-17 20:43:02,632 | DEBUG]: Successfully colleted local detection blocks
[2026-05-17 20:43:02,667 | DEBUG]: Successfully colleted local detection blocks
[2026-05-17 20:43:02,669 | DEBUG]: Successfully colleted local detection blocks
[2026-05-17 20:43:02,690 | DEBUG]: Successfully colleted local detection blocks
[2026-05-17 20:43:02,736 | DEBUG]: Successfully colleted local detection blocks
[2026-05-17 20:43:02,749 | DEBUG]: Successfully colleted local detection blocks
[2026-05-17 20:43:02,751 | DEBUG]: Successfully colleted local detection blocks
[2026-05-17 20:43:02,790 | DEBUG]: Successfully colleted local detection blocks
[2026-05-17 20:43:02,805 | DEBUG]: Successfully colleted local detection blocks
[2026-05-17 20:43:02,805 | DEBUG]: Successfully colleted local detection blocks
[2026-05-17 20:43:02,807 | DEBUG]: Successfully colleted local detection blocks
[2026-05-17 20:43:02,833 | DEBUG]: Successfully colleted local detection blocks
[2026-05-17 20:43:02,856 | DEBUG]: Successfully colleted local detection blocks
[2026-05-17 20:43:02,858 | DEBUG]: Successfully colleted local detection blocks
[2026-05-17 20:43:02,907 | DEBUG]: Successfully colleted local detection blocks
[2026-05-17 20:43:02,917 | DEBUG]: Successfully colleted local detection blocks
[2026-05-17 20:43:02,963 | DEBUG]: Successfully colleted local detection blocks
[2026-05-17 20:43:02,975 | DEBUG]: Successfully colleted local detection blocks
[2026-05-17 20:43:02,977 | DEBUG]: Successfully colleted local detection blocks
[2026-05-17 20:43:03,028 | DEBUG]: Successfully colleted local detection blocks
[2026-05-17 20:43:03,033 | DEBUG]: Successfully colleted local detection blocks
[2026-05-17 20:43:03,074 | DEBUG]: Successfully colleted local detection blocks
[2026-05-17 20:43:03,088 | DEBUG]: Successfully colleted local detection blocks
[2026-05-17 20:43:03,110 | DEBUG]: Successfully colleted local detection blocks
[2026-05-17 20:43:03,113 | DEBUG]: Successfully colleted local detection blocks
[2026-05-17 20:43:03,140 | DEBUG]: Successfully colleted local detection blocks
[2026-05-17 20:43:03,142 | DEBUG]: Successfully colleted local detection blocks
[2026-05-17 20:43:03,144 | DEBUG]: Successfully colleted local detection blocks
[2026-05-17 20:43:03,191 | DEBUG]: Successfully colleted local detection blocks
[2026-05-17 20:43:03,199 | DEBUG]: Successfully colleted local detection blocks
[2026-05-17 20:43:03,201 | DEBUG]: Successfully colleted local detection blocks
[2026-05-17 20:43:03,224 | DEBUG]: Successfully colleted local detection blocks
[2026-05-17 20:43:03,226 | DEBUG]: Successfully colleted local detection blocks
[2026-05-17 20:43:03,254 | DEBUG]: Successfully colleted local detection blocks
[2026-05-17 20:43:03,272 | DEBUG]: Successfully colleted local detection blocks
[2026-05-17 20:43:03,274 | DEBUG]: Successfully colleted local detection blocks
[2026-05-17 20:43:03,314 | DEBUG]: Successfully colleted local detection blocks
[2026-05-17 20:43:03,331 | DEBUG]: Successfully colleted local detection blocks
[2026-05-17 20:43:03,344 | DEBUG]: Successfully colleted local detection blocks
[2026-05-17 20:43:03,356 | DEBUG]: Successfully colleted local detection blocks
[2026-05-17 20:43:03,389 | DEBUG]: Successfully colleted local detection blocks
[2026-05-17 20:43:03,391 | DEBUG]: Successfully colleted local detection blocks
[2026-05-17 20:43:03,428 | DEBUG]: Successfully colleted local detection blocks
[2026-05-17 20:43:03,455 | DEBUG]: Successfully colleted local detection blocks
[2026-05-17 20:43:03,455 | DEBUG]: Successfully colleted local detection blocks
[2026-05-17 20:43:03,520 | DEBUG]: Successfully colleted local detection blocks
[2026-05-17 20:43:03,532 | DEBUG]: Successfully colleted local detection blocks
[2026-05-17 20:43:03,538 | DEBUG]: Successfully colleted local detection blocks
[2026-05-17 20:43:03,542 | DEBUG]: Successfully colleted local detection blocks
[2026-05-17 20:43:03,569 | DEBUG]: Successfully colleted local detection blocks
[2026-05-17 20:43:03,590 | DEBUG]: Successfully colleted local detection blocks
[2026-05-17 20:43:03,618 | DEBUG]: Successfully colleted local detection blocks
[2026-05-17 20:43:03,640 | DEBUG]: Successfully colleted local detection blocks
[2026-05-17 20:43:03,642 | DEBUG]: Successfully colleted local detection blocks
[2026-05-17 20:43:03,667 | DEBUG]: Successfully colleted local detection blocks
[2026-05-17 20:43:03,689 | DEBUG]: Successfully colleted local detection blocks
[2026-05-17 20:43:03,697 | DEBUG]: Successfully colleted local detection blocks
[2026-05-17 20:43:03,699 | DEBUG]: Successfully colleted local detection blocks
[2026-05-17 20:43:03,724 | DEBUG]: Successfully colleted local detection blocks
[2026-05-17 20:43:03,726 | DEBUG]: Successfully colleted local detection blocks
[2026-05-17 20:43:03,741 | DEBUG]: Successfully colleted local detection blocks
[2026-05-17 20:43:03,789 | DEBUG]: Successfully colleted local detection blocks
[2026-05-17 20:43:03,789 | DEBUG]: Successfully colleted local detection blocks
[2026-05-17 20:43:03,791 | DEBUG]: Successfully colleted local detection blocks
[2026-05-17 20:43:03,845 | DEBUG]: Successfully colleted local detection blocks
[2026-05-17 20:43:03,856 | DEBUG]: Successfully colleted local detection blocks
[2026-05-17 20:43:03,872 | DEBUG]: Successfully colleted local detection blocks
[2026-05-17 20:43:03,875 | DEBUG]: Successfully colleted local detection blocks
[2026-05-17 20:43:03,926 | DEBUG]: Successfully colleted local detection blocks
[2026-05-17 20:43:03,937 | DEBUG]: Successfully colleted local detection blocks
[2026-05-17 20:43:03,938 | DEBUG]: Successfully colleted local detection blocks
[2026-05-17 20:43:03,940 | DEBUG]: Successfully colleted local detection blocks
[2026-05-17 20:43:03,968 | DEBUG]: Successfully colleted local detection blocks
[2026-05-17 20:43:03,970 | DEBUG]: Successfully colleted local detection blocks
[2026-05-17 20:43:03,995 | DEBUG]: Successfully colleted local detection blocks
[2026-05-17 20:43:04,012 | DEBUG]: Successfully colleted local detection blocks
[2026-05-17 20:43:04,064 | DEBUG]: Successfully colleted local detection blocks
[2026-05-17 20:43:04,110 | DEBUG]: Successfully colleted local detection blocks
[2026-05-17 20:43:04,122 | DEBUG]: Successfully colleted local detection blocks
[2026-05-17 20:43:04,172 | DEBUG]: Successfully colleted local detection blocks
[2026-05-17 20:43:04,178 | DEBUG]: Successfully colleted local detection blocks
[2026-05-17 20:43:04,192 | DEBUG]: Successfully colleted local detection blocks
[2026-05-17 20:43:04,209 | DEBUG]: Successfully colleted local detection blocks
[2026-05-17 20:43:04,211 | DEBUG]: Successfully colleted local detection blocks
[2026-05-17 20:43:04,213 | DEBUG]: Successfully colleted local detection blocks
[2026-05-17 20:43:04,242 | DEBUG]: Successfully colleted local detection blocks
[2026-05-17 20:43:04,267 | DEBUG]: Successfully colleted local detection blocks
[2026-05-17 20:43:04,269 | DEBUG]: Successfully colleted local detection blocks
[2026-05-17 20:43:04,296 | DEBUG]: Successfully colleted local detection blocks
[2026-05-17 20:43:04,325 | DEBUG]: Successfully colleted local detection blocks
[2026-05-17 20:43:04,363 | DEBUG]: Successfully colleted local detection blocks
[2026-05-17 20:43:04,372 | DEBUG]: Successfully colleted local detection blocks
[2026-05-17 20:43:04,374 | DEBUG]: Successfully colleted local detection blocks
[2026-05-17 20:43:04,376 | DEBUG]: Successfully colleted local detection blocks
[2026-05-17 20:43:04,428 | DEBUG]: Successfully colleted local detection blocks
[2026-05-17 20:43:04,456 | DEBUG]: Successfully colleted local detection blocks
[2026-05-17 20:43:04,507 | DEBUG]: Successfully colleted local detection blocks
[2026-05-17 20:43:04,514 | DEBUG]: Successfully colleted local detection blocks
[2026-05-17 20:43:04,516 | DEBUG]: Successfully colleted local detection blocks
[2026-05-17 20:43:04,518 | DEBUG]: Successfully colleted local detection blocks
[2026-05-17 20:43:04,521 | DEBUG]: Successfully colleted local detection blocks
[2026-05-17 20:43:04,522 | DEBUG]: Successfully colleted local detection blocks
[2026-05-17 20:43:04,561 | DEBUG]: Successfully colleted local detection blocks
[2026-05-17 20:43:04,572 | DEBUG]: Successfully colleted local detection blocks
[2026-05-17 20:43:04,594 | DEBUG]: Successfully colleted local detection blocks
[2026-05-17 20:43:04,632 | DEBUG]: Successfully colleted local detection blocks
[2026-05-17 20:43:04,648 | DEBUG]: Successfully colleted local detection blocks
[2026-05-17 20:43:04,649 | DEBUG]: Successfully colleted local detection blocks
[2026-05-17 20:43:04,683 | DEBUG]: Successfully colleted local detection blocks
[2026-05-17 20:43:04,688 | DEBUG]: Successfully colleted local detection blocks
[2026-05-17 20:43:04,689 | DEBUG]: Successfully colleted local detection blocks
[2026-05-17 20:43:04,747 | DEBUG]: Successfully colleted local detection blocks
[2026-05-17 20:43:04,765 | DEBUG]: Successfully colleted local detection blocks
[2026-05-17 20:43:04,806 | DEBUG]: Successfully colleted local detection blocks
[2026-05-17 20:43:04,811 | DEBUG]: Successfully colleted local detection blocks
[2026-05-17 20:43:04,854 | DEBUG]: Successfully colleted local detection blocks
[2026-05-17 20:43:04,865 | DEBUG]: Successfully colleted local detection blocks
[2026-05-17 20:43:04,893 | DEBUG]: Successfully colleted local detection blocks
[2026-05-17 20:43:04,925 | DEBUG]: Successfully colleted local detection blocks
[2026-05-17 20:43:04,926 | DEBUG]: Successfully colleted local detection blocks
[2026-05-17 20:43:04,928 | DEBUG]: Successfully colleted local detection blocks
[2026-05-17 20:43:04,930 | DEBUG]: Successfully colleted local detection blocks
[2026-05-17 20:43:04,932 | DEBUG]: Successfully colleted local detection blocks
[2026-05-17 20:43:04,954 | DEBUG]: Successfully colleted local detection blocks
[2026-05-17 20:43:04,997 | DEBUG]: Successfully colleted local detection blocks
[2026-05-17 20:43:05,016 | DEBUG]: Successfully colleted local detection blocks
[2026-05-17 20:43:05,047 | DEBUG]: Successfully colleted local detection blocks
[2026-05-17 20:43:05,049 | DEBUG]: Successfully colleted local detection blocks
[2026-05-17 20:43:05,057 | DEBUG]: Successfully colleted local detection blocks
[2026-05-17 20:43:05,059 | DEBUG]: Successfully colleted local detection blocks
[2026-05-17 20:43:05,113 | DEBUG]: Successfully colleted local detection blocks
[2026-05-17 20:43:05,122 | DEBUG]: Successfully colleted local detection blocks
[2026-05-17 20:43:05,175 | DEBUG]: Successfully colleted local detection blocks
[2026-05-17 20:43:05,181 | DEBUG]: Successfully colleted local detection blocks
[2026-05-17 20:43:05,186 | DEBUG]: Successfully colleted local detection blocks
[2026-05-17 20:43:05,188 | DEBUG]: Successfully colleted local detection blocks
[2026-05-17 20:43:05,190 | DEBUG]: Successfully colleted local detection blocks
[2026-05-17 20:43:05,192 | DEBUG]: Successfully colleted local detection blocks
[2026-05-17 20:43:05,215 | DEBUG]: Successfully colleted local detection blocks
[2026-05-17 20:43:05,241 | DEBUG]: Successfully colleted local detection blocks
[2026-05-17 20:43:05,280 | DEBUG]: Successfully colleted local detection blocks
[2026-05-17 20:43:05,293 | DEBUG]: Successfully colleted local detection blocks
[2026-05-17 20:43:05,343 | DEBUG]: Successfully colleted local detection blocks
[2026-05-17 20:43:05,349 | DEBUG]: Successfully colleted local detection blocks
[2026-05-17 20:43:05,379 | DEBUG]: Successfully colleted local detection blocks
[2026-05-17 20:43:05,381 | DEBUG]: Successfully colleted local detection blocks
[2026-05-17 20:43:05,383 | DEBUG]: Successfully colleted local detection blocks
[2026-05-17 20:43:05,385 | DEBUG]: Successfully colleted local detection blocks
[2026-05-17 20:43:05,411 | DEBUG]: Successfully colleted local detection blocks
[2026-05-17 20:43:05,449 | DEBUG]: Successfully colleted local detection blocks
[2026-05-17 20:43:05,456 | DEBUG]: Successfully colleted local detection blocks
[2026-05-17 20:43:05,503 | DEBUG]: Successfully colleted local detection blocks
[2026-05-17 20:43:05,511 | DEBUG]: Successfully colleted local detection blocks
[2026-05-17 20:43:05,546 | DEBUG]: Successfully colleted local detection blocks
[2026-05-17 20:43:05,578 | DEBUG]: Successfully colleted local detection blocks
[2026-05-17 20:43:05,580 | DEBUG]: Successfully colleted local detection blocks
[2026-05-17 20:43:05,627 | DEBUG]: Successfully colleted local detection blocks
[2026-05-17 20:43:05,653 | DEBUG]: Successfully colleted local detection blocks
[2026-05-17 20:43:05,655 | DEBUG]: Successfully colleted local detection blocks
[2026-05-17 20:43:05,658 | DEBUG]: Successfully colleted local detection blocks
[2026-05-17 20:43:05,702 | DEBUG]: Successfully colleted local detection blocks
[2026-05-17 20:43:05,705 | DEBUG]: Successfully colleted local detection blocks
[2026-05-17 20:43:05,730 | DEBUG]: Successfully colleted local detection blocks
[2026-05-17 20:43:05,755 | DEBUG]: Successfully colleted local detection blocks
[2026-05-17 20:43:05,758 | DEBUG]: Successfully colleted local detection blocks
[2026-05-17 20:43:05,801 | DEBUG]: Successfully colleted local detection blocks
[2026-05-17 20:43:05,830 | DEBUG]: Successfully colleted local detection blocks
[2026-05-17 20:43:05,842 | DEBUG]: Successfully colleted local detection blocks
[2026-05-17 20:43:05,869 | DEBUG]: Successfully colleted local detection blocks
[2026-05-17 20:43:05,893 | DEBUG]: Successfully colleted local detection blocks
[2026-05-17 20:43:05,900 | DEBUG]: Successfully colleted local detection blocks
[2026-05-17 20:43:05,903 | DEBUG]: Successfully colleted local detection blocks
[2026-05-17 20:43:05,905 | DEBUG]: Successfully colleted local detection blocks
[2026-05-17 20:43:05,927 | DEBUG]: Successfully colleted local detection blocks
[2026-05-17 20:43:05,948 | DEBUG]: Successfully colleted local detection blocks
[2026-05-17 20:43:05,994 | DEBUG]: Successfully colleted local detection blocks
[2026-05-17 20:43:06,014 | DEBUG]: Successfully colleted local detection blocks
[2026-05-17 20:43:06,047 | DEBUG]: Successfully colleted local detection blocks
[2026-05-17 20:43:06,060 | DEBUG]: Successfully colleted local detection blocks
[2026-05-17 20:43:06,093 | DEBUG]: Successfully colleted local detection blocks
[2026-05-17 20:43:06,094 | DEBUG]: Successfully colleted local detection blocks
[2026-05-17 20:43:06,097 | DEBUG]: Successfully colleted local detection blocks
[2026-05-17 20:43:06,099 | DEBUG]: Successfully colleted local detection blocks
[2026-05-17 20:43:06,126 | DEBUG]: Successfully colleted local detection blocks
[2026-05-17 20:43:06,148 | DEBUG]: Successfully colleted local detection blocks
[2026-05-17 20:43:06,170 | DEBUG]: Successfully colleted local detection blocks
[2026-05-17 20:43:06,197 | DEBUG]: Successfully colleted local detection blocks
[2026-05-17 20:43:06,223 | DEBUG]: Successfully colleted local detection blocks
[2026-05-17 20:43:06,249 | DEBUG]: Successfully colleted local detection blocks
[2026-05-17 20:43:06,250 | DEBUG]: Successfully colleted local detection blocks
[2026-05-17 20:43:06,252 | DEBUG]: Successfully colleted local detection blocks
[2026-05-17 20:43:06,254 | DEBUG]: Successfully colleted local detection blocks
[2026-05-17 20:43:06,277 | DEBUG]: Successfully colleted local detection blocks
[2026-05-17 20:43:06,301 | DEBUG]: Successfully colleted local detection blocks
[2026-05-17 20:43:06,335 | DEBUG]: Successfully colleted local detection blocks
[2026-05-17 20:43:06,363 | DEBUG]: Successfully colleted local detection blocks
[2026-05-17 20:43:06,385 | DEBUG]: Successfully colleted local detection blocks
[2026-05-17 20:43:06,387 | DEBUG]: Successfully colleted local detection blocks
[2026-05-17 20:43:06,389 | DEBUG]: Successfully colleted local detection blocks
[2026-05-17 20:43:06,422 | DEBUG]: Successfully colleted local detection blocks
[2026-05-17 20:43:06,465 | DEBUG]: Successfully colleted local detection blocks
[2026-05-17 20:43:06,471 | DEBUG]: Successfully colleted local detection blocks
[2026-05-17 20:43:06,474 | DEBUG]: Successfully colleted local detection blocks
[2026-05-17 20:43:06,516 | DEBUG]: Successfully colleted local detection blocks
[2026-05-17 20:43:06,546 | DEBUG]: Successfully colleted local detection blocks
[2026-05-17 20:43:06,573 | DEBUG]: Successfully colleted local detection blocks
[2026-05-17 20:43:06,582 | DEBUG]: Successfully colleted local detection blocks
[2026-05-17 20:43:06,584 | DEBUG]: Successfully colleted local detection blocks
[2026-05-17 20:43:06,586 | DEBUG]: Successfully colleted local detection blocks
[2026-05-17 20:43:06,589 | DEBUG]: Successfully colleted local detection blocks
[2026-05-17 20:43:06,615 | DEBUG]: Successfully colleted local detection blocks
[2026-05-17 20:43:06,638 | DEBUG]: Successfully colleted local detection blocks
[2026-05-17 20:43:06,661 | DEBUG]: Successfully colleted local detection blocks
[2026-05-17 20:43:06,690 | DEBUG]: Successfully colleted local detection blocks
[2026-05-17 20:43:06,718 | DEBUG]: Successfully colleted local detection blocks
[2026-05-17 20:43:06,744 | DEBUG]: Successfully colleted local detection blocks
[2026-05-17 20:43:06,746 | DEBUG]: Successfully colleted local detection blocks
[2026-05-17 20:43:06,748 | DEBUG]: Successfully colleted local detection blocks
[2026-05-17 20:43:06,750 | DEBUG]: Successfully colleted local detection blocks
[2026-05-17 20:43:06,797 | DEBUG]: Successfully colleted local detection blocks
[2026-05-17 20:43:06,801 | DEBUG]: Successfully colleted local detection blocks
[2026-05-17 20:43:06,823 | DEBUG]: Successfully colleted local detection blocks
[2026-05-17 20:43:06,881 | DEBUG]: Successfully colleted local detection blocks
[2026-05-17 20:43:06,909 | DEBUG]: Successfully colleted local detection blocks
[2026-05-17 20:43:06,909 | DEBUG]: Successfully colleted local detection blocks
[2026-05-17 20:43:06,910 | DEBUG]: Successfully colleted local detection blocks
[2026-05-17 20:43:06,913 | DEBUG]: Successfully colleted local detection blocks
[2026-05-17 20:43:06,914 | DEBUG]: Successfully colleted local detection blocks
[2026-05-17 20:43:06,942 | DEBUG]: Successfully colleted local detection blocks
[2026-05-17 20:43:06,965 | DEBUG]: Successfully colleted local detection blocks
[2026-05-17 20:43:06,988 | DEBUG]: Successfully colleted local detection blocks
[2026-05-17 20:43:07,033 | DEBUG]: Successfully colleted local detection blocks
[2026-05-17 20:43:07,040 | DEBUG]: Successfully colleted local detection blocks
[2026-05-17 20:43:07,051 | DEBUG]: Successfully colleted local detection blocks
[2026-05-17 20:43:07,085 | DEBUG]: Successfully colleted local detection blocks
[2026-05-17 20:43:07,088 | DEBUG]: Successfully colleted local detection blocks
[2026-05-17 20:43:07,113 | DEBUG]: Successfully colleted local detection blocks
[2026-05-17 20:43:07,137 | DEBUG]: Successfully colleted local detection blocks
[2026-05-17 20:43:07,138 | DEBUG]: Successfully colleted local detection blocks
[2026-05-17 20:43:07,160 | DEBUG]: Successfully colleted local detection blocks
[2026-05-17 20:43:07,163 | DEBUG]: Successfully colleted local detection blocks
[2026-05-17 20:43:07,195 | DEBUG]: Successfully colleted local detection blocks
[2026-05-17 20:43:07,243 | DEBUG]: Successfully colleted local detection blocks
[2026-05-17 20:43:07,260 | DEBUG]: Successfully colleted local detection blocks
[2026-05-17 20:43:07,281 | DEBUG]: Successfully colleted local detection blocks
[2026-05-17 20:43:07,285 | DEBUG]: Successfully colleted local detection blocks
[2026-05-17 20:43:07,290 | DEBUG]: Successfully colleted local detection blocks
[2026-05-17 20:43:07,324 | DEBUG]: Successfully colleted local detection blocks
[2026-05-17 20:43:07,349 | DEBUG]: Successfully colleted local detection blocks
[2026-05-17 20:43:07,375 | DEBUG]: Successfully colleted local detection blocks
[2026-05-17 20:43:07,412 | DEBUG]: Successfully colleted local detection blocks
[2026-05-17 20:43:07,440 | DEBUG]: Successfully colleted local detection blocks
[2026-05-17 20:43:07,443 | DEBUG]: Successfully colleted local detection blocks
[2026-05-17 20:43:07,446 | DEBUG]: Successfully colleted local detection blocks
[2026-05-17 20:43:07,468 | DEBUG]: Successfully colleted local detection blocks
[2026-05-17 20:43:07,499 | DEBUG]: Successfully colleted local detection blocks
[2026-05-17 20:43:07,568 | DEBUG]: Successfully colleted local detection blocks
[2026-05-17 20:43:07,572 | DEBUG]: Successfully colleted local detection blocks
[2026-05-17 20:43:07,602 | DEBUG]: Successfully colleted local detection blocks
[2026-05-17 20:43:07,605 | DEBUG]: Successfully colleted local detection blocks
[2026-05-17 20:43:07,607 | DEBUG]: Successfully colleted local detection blocks
[2026-05-17 20:43:07,634 | DEBUG]: Successfully colleted local detection blocks
[2026-05-17 20:43:07,636 | DEBUG]: Successfully colleted local detection blocks
[2026-05-17 20:43:07,657 | DEBUG]: Successfully colleted local detection blocks
[2026-05-17 20:43:07,679 | DEBUG]: Successfully colleted local detection blocks
[2026-05-17 20:43:07,685 | DEBUG]: Successfully colleted local detection blocks
[2026-05-17 20:43:07,740 | DEBUG]: Successfully colleted local detection blocks
[2026-05-17 20:43:07,756 | DEBUG]: Successfully colleted local detection blocks
[2026-05-17 20:43:07,794 | DEBUG]: Successfully colleted local detection blocks
[2026-05-17 20:43:07,795 | DEBUG]: Successfully colleted local detection blocks
[2026-05-17 20:43:07,823 | DEBUG]: Successfully colleted local detection blocks
[2026-05-17 20:43:07,826 | DEBUG]: Successfully colleted local detection blocks
[2026-05-17 20:43:07,828 | DEBUG]: Successfully colleted local detection blocks
[2026-05-17 20:43:07,855 | DEBUG]: Successfully colleted local detection blocks
[2026-05-17 20:43:07,857 | DEBUG]: Successfully colleted local detection blocks
[2026-05-17 20:43:07,905 | DEBUG]: Successfully colleted local detection blocks
[2026-05-17 20:43:07,926 | DEBUG]: Successfully colleted local detection blocks
[2026-05-17 20:43:07,927 | DEBUG]: Successfully colleted local detection blocks
[2026-05-17 20:43:08,015 | DEBUG]: Successfully colleted local detection blocks
[2026-05-17 20:43:08,024 | DEBUG]: Successfully colleted local detection blocks
[2026-05-17 20:43:08,035 | DEBUG]: Successfully colleted local detection blocks
[2026-05-17 20:43:08,055 | DEBUG]: Successfully colleted local detection blocks
[2026-05-17 20:43:08,079 | DEBUG]: Successfully colleted local detection blocks
[2026-05-17 20:43:08,108 | DEBUG]: Successfully colleted local detection blocks
[2026-05-17 20:43:08,110 | DEBUG]: Successfully colleted local detection blocks
[2026-05-17 20:43:08,112 | DEBUG]: Successfully colleted local detection blocks
[2026-05-17 20:43:08,156 | DEBUG]: Successfully colleted local detection blocks
[2026-05-17 20:43:08,171 | DEBUG]: Successfully colleted local detection blocks
[2026-05-17 20:43:08,173 | DEBUG]: Successfully colleted local detection blocks
[2026-05-17 20:43:08,198 | DEBUG]: Successfully colleted local detection blocks
[2026-05-17 20:43:08,225 | DEBUG]: Successfully colleted local detection blocks
[2026-05-17 20:43:08,226 | DEBUG]: Successfully colleted local detection blocks
[2026-05-17 20:43:08,253 | DEBUG]: Successfully colleted local detection blocks
[2026-05-17 20:43:08,302 | DEBUG]: Successfully colleted local detection blocks
[2026-05-17 20:43:08,342 | DEBUG]: Successfully colleted local detection blocks
[2026-05-17 20:43:08,345 | DEBUG]: Successfully colleted local detection blocks
[2026-05-17 20:43:08,352 | DEBUG]: Successfully colleted local detection blocks
[2026-05-17 20:43:08,389 | DEBUG]: Successfully colleted local detection blocks
[2026-05-17 20:43:08,391 | DEBUG]: Successfully colleted local detection blocks
[2026-05-17 20:43:08,422 | DEBUG]: Successfully colleted local detection blocks
[2026-05-17 20:43:08,426 | DEBUG]: Successfully colleted local detection blocks
[2026-05-17 20:43:08,452 | DEBUG]: Successfully colleted local detection blocks
[2026-05-17 20:43:08,473 | DEBUG]: Successfully colleted local detection blocks
[2026-05-17 20:43:08,493 | DEBUG]: Successfully colleted local detection blocks
[2026-05-17 20:43:08,532 | DEBUG]: Successfully colleted local detection blocks
[2026-05-17 20:43:08,535 | DEBUG]: Successfully colleted local detection blocks
[2026-05-17 20:43:08,537 | DEBUG]: Successfully colleted local detection blocks
[2026-05-17 20:43:08,539 | DEBUG]: Successfully colleted local detection blocks
[2026-05-17 20:43:08,597 | DEBUG]: Successfully colleted local detection blocks
[2026-05-17 20:43:08,611 | DEBUG]: Successfully colleted local detection blocks
[2026-05-17 20:43:08,640 | DEBUG]: Successfully colleted local detection blocks
[2026-05-17 20:43:08,663 | DEBUG]: Successfully colleted local detection blocks
[2026-05-17 20:43:08,665 | DEBUG]: Successfully colleted local detection blocks
[2026-05-17 20:43:08,667 | DEBUG]: Successfully colleted local detection blocks
[2026-05-17 20:43:08,707 | DEBUG]: Successfully colleted local detection blocks
[2026-05-17 20:43:08,741 | DEBUG]: Successfully colleted local detection blocks
[2026-05-17 20:43:08,758 | DEBUG]: Successfully colleted local detection blocks
[2026-05-17 20:43:08,803 | DEBUG]: Successfully colleted local detection blocks
[2026-05-17 20:43:08,816 | DEBUG]: Successfully colleted local detection blocks
[2026-05-17 20:43:08,827 | DEBUG]: Successfully colleted local detection blocks
[2026-05-17 20:43:08,859 | DEBUG]: Successfully colleted local detection blocks
[2026-05-17 20:43:08,861 | DEBUG]: Successfully colleted local detection blocks
[2026-05-17 20:43:08,889 | DEBUG]: Successfully colleted local detection blocks
[2026-05-17 20:43:08,891 | DEBUG]: Successfully colleted local detection blocks
[2026-05-17 20:43:08,919 | DEBUG]: Successfully colleted local detection blocks
[2026-05-17 20:43:08,950 | DEBUG]: Successfully colleted local detection blocks
[2026-05-17 20:43:08,979 | DEBUG]: Successfully colleted local detection blocks
[2026-05-17 20:43:09,038 | DEBUG]: Successfully colleted local detection blocks
[2026-05-17 20:43:09,042 | DEBUG]: Successfully colleted local detection blocks
[2026-05-17 20:43:09,044 | DEBUG]: Successfully colleted local detection blocks
[2026-05-17 20:43:09,047 | DEBUG]: Successfully colleted local detection blocks
[2026-05-17 20:43:09,076 | DEBUG]: Successfully colleted local detection blocks
[2026-05-17 20:43:09,114 | DEBUG]: Successfully colleted local detection blocks
[2026-05-17 20:43:09,140 | DEBUG]: Successfully colleted local detection blocks
[2026-05-17 20:43:09,143 | DEBUG]: Successfully colleted local detection blocks
[2026-05-17 20:43:09,192 | DEBUG]: Successfully colleted local detection blocks
[2026-05-17 20:43:09,221 | DEBUG]: Successfully colleted local detection blocks
[2026-05-17 20:43:09,233 | DEBUG]: Successfully colleted local detection blocks
[2026-05-17 20:43:09,235 | DEBUG]: Successfully colleted local detection blocks
[2026-05-17 20:43:09,307 | DEBUG]: Successfully colleted local detection blocks
[2026-05-17 20:43:09,361 | DEBUG]: Successfully colleted local detection blocks
[2026-05-17 20:43:09,366 | DEBUG]: Successfully colleted local detection blocks
[2026-05-17 20:43:09,368 | DEBUG]: Successfully colleted local detection blocks
[2026-05-17 20:43:09,392 | DEBUG]: Successfully colleted local detection blocks
[2026-05-17 20:43:09,394 | DEBUG]: Successfully colleted local detection blocks
[2026-05-17 20:43:09,396 | DEBUG]: Successfully colleted local detection blocks
[2026-05-17 20:43:09,430 | DEBUG]: Successfully colleted local detection blocks
[2026-05-17 20:43:09,478 | DEBUG]: Successfully colleted local detection blocks
[2026-05-17 20:43:09,538 | DEBUG]: Successfully colleted local detection blocks
[2026-05-17 20:43:09,561 | DEBUG]: Successfully colleted local detection blocks
[2026-05-17 20:43:09,566 | DEBUG]: Successfully colleted local detection blocks
[2026-05-17 20:43:09,604 | DEBUG]: Successfully colleted local detection blocks
[2026-05-17 20:43:09,605 | DEBUG]: Successfully colleted local detection blocks
[2026-05-17 20:43:09,630 | DEBUG]: Successfully colleted local detection blocks
[2026-05-17 20:43:09,645 | DEBUG]: Successfully colleted local detection blocks
[2026-05-17 20:43:09,671 | DEBUG]: Successfully colleted local detection blocks
[2026-05-17 20:43:09,673 | DEBUG]: Successfully colleted local detection blocks
[2026-05-17 20:43:09,734 | DEBUG]: Successfully colleted local detection blocks
[2026-05-17 20:43:09,736 | DEBUG]: Successfully colleted local detection blocks
[2026-05-17 20:43:09,742 | DEBUG]: Successfully colleted local detection blocks
[2026-05-17 20:43:09,773 | DEBUG]: Successfully colleted local detection blocks
[2026-05-17 20:43:09,779 | DEBUG]: Successfully colleted local detection blocks
[2026-05-17 20:43:09,861 | DEBUG]: Successfully colleted local detection blocks
[2026-05-17 20:43:09,864 | DEBUG]: Successfully colleted local detection blocks
[2026-05-17 20:43:09,865 | DEBUG]: Successfully colleted local detection blocks
[2026-05-17 20:43:09,867 | DEBUG]: Successfully colleted local detection blocks
[2026-05-17 20:43:09,892 | DEBUG]: Successfully colleted local detection blocks
[2026-05-17 20:43:09,927 | DEBUG]: Successfully colleted local detection blocks
[2026-05-17 20:43:09,940 | DEBUG]: Successfully colleted local detection blocks
[2026-05-17 20:43:09,969 | DEBUG]: Successfully colleted local detection blocks
[2026-05-17 20:43:09,990 | DEBUG]: Successfully colleted local detection blocks
[2026-05-17 20:43:10,009 | DEBUG]: Successfully colleted local detection blocks
[2026-05-17 20:43:10,037 | DEBUG]: Successfully colleted local detection blocks
[2026-05-17 20:43:10,067 | DEBUG]: Successfully colleted local detection blocks
[2026-05-17 20:43:10,073 | DEBUG]: Successfully colleted local detection blocks
[2026-05-17 20:43:10,116 | DEBUG]: Successfully colleted local detection blocks
[2026-05-17 20:43:10,163 | DEBUG]: Successfully colleted local detection blocks
[2026-05-17 20:43:10,171 | DEBUG]: Successfully colleted local detection blocks
[2026-05-17 20:43:10,174 | DEBUG]: Successfully colleted local detection blocks
[2026-05-17 20:43:10,177 | DEBUG]: Successfully colleted local detection blocks
[2026-05-17 20:43:10,250 | DEBUG]: Successfully colleted local detection blocks
[2026-05-17 20:43:10,254 | DEBUG]: Successfully colleted local detection blocks
[2026-05-17 20:43:10,271 | DEBUG]: Successfully colleted local detection blocks
[2026-05-17 20:43:10,314 | DEBUG]: Successfully colleted local detection blocks
[2026-05-17 20:43:10,332 | DEBUG]: Successfully colleted local detection blocks
[2026-05-17 20:43:10,336 | DEBUG]: Successfully colleted local detection blocks
[2026-05-17 20:43:10,349 | DEBUG]: Successfully colleted local detection blocks
[2026-05-17 20:43:10,374 | DEBUG]: Successfully colleted local detection blocks
[2026-05-17 20:43:10,405 | DEBUG]: Successfully colleted local detection blocks
[2026-05-17 20:43:10,433 | DEBUG]: Successfully colleted local detection blocks
[2026-05-17 20:43:10,435 | DEBUG]: Successfully colleted local detection blocks
[2026-05-17 20:43:10,467 | DEBUG]: Successfully colleted local detection blocks
[2026-05-17 20:43:10,470 | DEBUG]: Successfully colleted local detection blocks
[2026-05-17 20:43:10,532 | DEBUG]: Successfully colleted local detection blocks
[2026-05-17 20:43:10,538 | DEBUG]: Successfully colleted local detection blocks
[2026-05-17 20:43:10,590 | DEBUG]: Successfully colleted local detection blocks
[2026-05-17 20:43:10,601 | DEBUG]: Successfully colleted local detection blocks
[2026-05-17 20:43:10,606 | DEBUG]: Successfully colleted local detection blocks
[2026-05-17 20:43:10,632 | DEBUG]: Successfully colleted local detection blocks
[2026-05-17 20:43:10,642 | DEBUG]: Successfully colleted local detection blocks
[2026-05-17 20:43:10,668 | DEBUG]: Successfully colleted local detection blocks
[2026-05-17 20:43:10,672 | DEBUG]: Successfully colleted local detection blocks
[2026-05-17 20:43:10,715 | DEBUG]: Successfully colleted local detection blocks
[2026-05-17 20:43:10,740 | DEBUG]: Successfully colleted local detection blocks
[2026-05-17 20:43:10,770 | DEBUG]: Successfully colleted local detection blocks
[2026-05-17 20:43:10,806 | DEBUG]: Successfully colleted local detection blocks
[2026-05-17 20:43:10,811 | DEBUG]: Successfully colleted local detection blocks
[2026-05-17 20:43:10,839 | DEBUG]: Successfully colleted local detection blocks
[2026-05-17 20:43:10,848 | DEBUG]: Successfully colleted local detection blocks
[2026-05-17 20:43:10,850 | DEBUG]: Successfully colleted local detection blocks
[2026-05-17 20:43:10,881 | DEBUG]: Successfully colleted local detection blocks
[2026-05-17 20:43:10,919 | DEBUG]: Successfully colleted local detection blocks
[2026-05-17 20:43:10,970 | DEBUG]: Successfully colleted local detection blocks
[2026-05-17 20:43:11,003 | DEBUG]: Successfully colleted local detection blocks
[2026-05-17 20:43:11,021 | DEBUG]: Successfully colleted local detection blocks
[2026-05-17 20:43:11,023 | DEBUG]: Successfully colleted local detection blocks
[2026-05-17 20:43:11,045 | DEBUG]: Successfully colleted local detection blocks
[2026-05-17 20:43:11,047 | DEBUG]: Successfully colleted local detection blocks
[2026-05-17 20:43:11,090 | DEBUG]: Successfully colleted local detection blocks
[2026-05-17 20:43:11,113 | DEBUG]: Successfully colleted local detection blocks
[2026-05-17 20:43:11,159 | DEBUG]: Successfully colleted local detection blocks
[2026-05-17 20:43:11,180 | DEBUG]: Successfully colleted local detection blocks
[2026-05-17 20:43:11,182 | DEBUG]: Successfully colleted local detection blocks
[2026-05-17 20:43:11,184 | DEBUG]: Successfully colleted local detection blocks
[2026-05-17 20:43:11,218 | DEBUG]: Successfully colleted local detection blocks
[2026-05-17 20:43:11,221 | DEBUG]: Successfully colleted local detection blocks
[2026-05-17 20:43:11,248 | DEBUG]: Successfully colleted local detection blocks
[2026-05-17 20:43:11,257 | DEBUG]: Successfully colleted local detection blocks
[2026-05-17 20:43:11,282 | DEBUG]: Successfully colleted local detection blocks
[2026-05-17 20:43:11,312 | DEBUG]: Successfully colleted local detection blocks
[2026-05-17 20:43:11,361 | DEBUG]: Successfully colleted local detection blocks
[2026-05-17 20:43:11,376 | DEBUG]: Successfully colleted local detection blocks
[2026-05-17 20:43:11,403 | DEBUG]: Successfully colleted local detection blocks
[2026-05-17 20:43:11,414 | DEBUG]: Successfully colleted local detection blocks
[2026-05-17 20:43:11,434 | DEBUG]: Successfully colleted local detection blocks
[2026-05-17 20:43:11,445 | DEBUG]: Successfully colleted local detection blocks
[2026-05-17 20:43:11,464 | DEBUG]: Successfully colleted local detection blocks
[2026-05-17 20:43:11,466 | DEBUG]: Successfully colleted local detection blocks
[2026-05-17 20:43:11,493 | DEBUG]: Successfully colleted local detection blocks
[2026-05-17 20:43:11,526 | DEBUG]: Successfully colleted local detection blocks
[2026-05-17 20:43:11,557 | DEBUG]: Successfully colleted local detection blocks
[2026-05-17 20:43:11,594 | DEBUG]: Successfully colleted local detection blocks
[2026-05-17 20:43:11,596 | DEBUG]: Successfully colleted local detection blocks
[2026-05-17 20:43:11,609 | DEBUG]: Successfully colleted local detection blocks
[2026-05-17 20:43:11,634 | DEBUG]: Successfully colleted local detection blocks
[2026-05-17 20:43:11,669 | DEBUG]: Successfully colleted local detection blocks
[2026-05-17 20:43:11,671 | DEBUG]: Successfully colleted local detection blocks
[2026-05-17 20:43:11,728 | DEBUG]: Successfully colleted local detection blocks
[2026-05-17 20:43:11,737 | DEBUG]: Successfully colleted local detection blocks
[2026-05-17 20:43:11,739 | DEBUG]: Successfully colleted local detection blocks
[2026-05-17 20:43:11,767 | DEBUG]: Successfully colleted local detection blocks
[2026-05-17 20:43:11,777 | DEBUG]: Successfully colleted local detection blocks
[2026-05-17 20:43:11,811 | DEBUG]: Successfully colleted local detection blocks
[2026-05-17 20:43:11,841 | DEBUG]: Successfully colleted local detection blocks
[2026-05-17 20:43:11,871 | DEBUG]: Successfully colleted local detection blocks
[2026-05-17 20:43:11,895 | DEBUG]: Successfully colleted local detection blocks
[2026-05-17 20:43:11,897 | DEBUG]: Successfully colleted local detection blocks
[2026-05-17 20:43:11,914 | DEBUG]: Successfully colleted local detection blocks
[2026-05-17 20:43:11,960 | DEBUG]: Successfully colleted local detection blocks
[2026-05-17 20:43:11,969 | DEBUG]: Successfully colleted local detection blocks
[2026-05-17 20:43:11,972 | DEBUG]: Successfully colleted local detection blocks
[2026-05-17 20:43:12,009 | DEBUG]: Successfully colleted local detection blocks
[2026-05-17 20:43:12,011 | DEBUG]: Successfully colleted local detection blocks
[2026-05-17 20:43:12,036 | DEBUG]: Successfully colleted local detection blocks
[2026-05-17 20:43:12,038 | DEBUG]: Successfully colleted local detection blocks
[2026-05-17 20:43:12,040 | DEBUG]: Successfully colleted local detection blocks
[2026-05-17 20:43:12,091 | DEBUG]: Successfully colleted local detection blocks
[2026-05-17 20:43:12,104 | DEBUG]: Successfully colleted local detection blocks
[2026-05-17 20:43:12,129 | DEBUG]: Successfully colleted local detection blocks
[2026-05-17 20:43:12,133 | DEBUG]: Successfully colleted local detection blocks
[2026-05-17 20:43:12,160 | DEBUG]: Successfully colleted local detection blocks
[2026-05-17 20:43:12,213 | DEBUG]: Successfully colleted local detection blocks
[2026-05-17 20:43:12,244 | DEBUG]: Successfully colleted local detection blocks
[2026-05-17 20:43:12,254 | DEBUG]: Successfully colleted local detection blocks
[2026-05-17 20:43:12,264 | DEBUG]: Successfully colleted local detection blocks
[2026-05-17 20:43:12,266 | DEBUG]: Successfully colleted local detection blocks
[2026-05-17 20:43:12,268 | INFO]: Filter successfully return filtered detected blocks
[2026-05-17 20:43:12,268 | INFO]: Finished filtering...
[2026-05-17 20:43:12,268 | INFO]: Converting detected blocks into json...
[2026-05-17 20:43:12,269 | DEBUG]: Successfully converted into json file
[2026-05-17 20:43:12,269 | INFO]: Converter successfully stored detections in detection20260517204312.json
[2026-05-17 20:43:12,270 | DEBUG]: Deleting: detection20260517200444.json
[2026-05-17 20:43:12,271 | DEBUG]: Deleting: run_20260517195554.log
[2026-05-17 20:43:12,271 | INFO]: Converted to json file (detections)...
[2026-05-17 20:43:12,290 | INFO]: Finished C++ analysis, clustering and converting to json file (findings)...
